Archive member included to satisfy reference by file (symbol)

/Applications/ArmGNUToolchain/13.2.Rel1/arm-none-eabi/bin/../lib/gcc/arm-none-eabi/13.2.1/../../../../arm-none-eabi/lib/thumb/v7-m/nofp/libg_nano.a(libc_a-fflush.o)
                              ./output/startup_gcc.o (fflush)
/Applications/ArmGNUToolchain/13.2.Rel1/arm-none-eabi/bin/../lib/gcc/arm-none-eabi/13.2.1/../../../../arm-none-eabi/lib/thumb/v7-m/nofp/libg_nano.a(libc_a-findfp.o)
                              /Applications/ArmGNUToolchain/13.2.Rel1/arm-none-eabi/bin/../lib/gcc/arm-none-eabi/13.2.1/../../../../arm-none-eabi/lib/thumb/v7-m/nofp/libg_nano.a(libc_a-fflush.o) (__sglue)
/Applications/ArmGNUToolchain/13.2.Rel1/arm-none-eabi/bin/../lib/gcc/arm-none-eabi/13.2.1/../../../../arm-none-eabi/lib/thumb/v7-m/nofp/libg_nano.a(libc_a-fwalk.o)
                              /Applications/ArmGNUToolchain/13.2.Rel1/arm-none-eabi/bin/../lib/gcc/arm-none-eabi/13.2.1/../../../../arm-none-eabi/lib/thumb/v7-m/nofp/libg_nano.a(libc_a-fflush.o) (_fwalk_sglue)
/Applications/ArmGNUToolchain/13.2.Rel1/arm-none-eabi/bin/../lib/gcc/arm-none-eabi/13.2.1/../../../../arm-none-eabi/lib/thumb/v7-m/nofp/libg_nano.a(libc_a-memset.o)
                              ./output/tasks.o (memset)
/Applications/ArmGNUToolchain/13.2.Rel1/arm-none-eabi/bin/../lib/gcc/arm-none-eabi/13.2.1/../../../../arm-none-eabi/lib/thumb/v7-m/nofp/libg_nano.a(libc_a-impure.o)
                              ./output/startup_gcc.o (_impure_ptr)
/Applications/ArmGNUToolchain/13.2.Rel1/arm-none-eabi/bin/../lib/gcc/arm-none-eabi/13.2.1/../../../../arm-none-eabi/lib/thumb/v7-m/nofp/libg_nano.a(libc_a-lock.o)
                              /Applications/ArmGNUToolchain/13.2.Rel1/arm-none-eabi/bin/../lib/gcc/arm-none-eabi/13.2.1/../../../../arm-none-eabi/lib/thumb/v7-m/nofp/libg_nano.a(libc_a-findfp.o) (__retarget_lock_init_recursive)
/Applications/ArmGNUToolchain/13.2.Rel1/arm-none-eabi/bin/../lib/gcc/arm-none-eabi/13.2.1/../../../../arm-none-eabi/lib/thumb/v7-m/nofp/libg_nano.a(libc_a-memcpy-stub.o)
                              ./output/queue.o (memcpy)
/Applications/ArmGNUToolchain/13.2.Rel1/arm-none-eabi/bin/../lib/gcc/arm-none-eabi/13.2.1/../../../../arm-none-eabi/lib/thumb/v7-m/nofp/libg_nano.a(libc_a-strlen.o)
                              ./output/tasks.o (strlen)
/Applications/ArmGNUToolchain/13.2.Rel1/arm-none-eabi/bin/../lib/gcc/arm-none-eabi/13.2.1/../../../../arm-none-eabi/lib/thumb/v7-m/nofp/libg_nano.a(libc_a-freer.o)
                              /Applications/ArmGNUToolchain/13.2.Rel1/arm-none-eabi/bin/../lib/gcc/arm-none-eabi/13.2.1/../../../../arm-none-eabi/lib/thumb/v7-m/nofp/libg_nano.a(libc_a-fflush.o) (_free_r)
/Applications/ArmGNUToolchain/13.2.Rel1/arm-none-eabi/bin/../lib/gcc/arm-none-eabi/13.2.1/../../../../arm-none-eabi/lib/thumb/v7-m/nofp/libg_nano.a(libc_a-mallocr.o)
                              /Applications/ArmGNUToolchain/13.2.Rel1/arm-none-eabi/bin/../lib/gcc/arm-none-eabi/13.2.1/../../../../arm-none-eabi/lib/thumb/v7-m/nofp/libg_nano.a(libc_a-findfp.o) (_malloc_r)
/Applications/ArmGNUToolchain/13.2.Rel1/arm-none-eabi/bin/../lib/gcc/arm-none-eabi/13.2.1/../../../../arm-none-eabi/lib/thumb/v7-m/nofp/libg_nano.a(libc_a-mlock.o)
                              /Applications/ArmGNUToolchain/13.2.Rel1/arm-none-eabi/bin/../lib/gcc/arm-none-eabi/13.2.1/../../../../arm-none-eabi/lib/thumb/v7-m/nofp/libg_nano.a(libc_a-freer.o) (__malloc_lock)
/Applications/ArmGNUToolchain/13.2.Rel1/arm-none-eabi/bin/../lib/gcc/arm-none-eabi/13.2.1/../../../../arm-none-eabi/lib/thumb/v7-m/nofp/libg_nano.a(libc_a-stdio.o)
                              /Applications/ArmGNUToolchain/13.2.Rel1/arm-none-eabi/bin/../lib/gcc/arm-none-eabi/13.2.1/../../../../arm-none-eabi/lib/thumb/v7-m/nofp/libg_nano.a(libc_a-findfp.o) (__sread)
/Applications/ArmGNUToolchain/13.2.Rel1/arm-none-eabi/bin/../lib/gcc/arm-none-eabi/13.2.1/../../../../arm-none-eabi/lib/thumb/v7-m/nofp/libg_nano.a(libc_a-closer.o)
                              /Applications/ArmGNUToolchain/13.2.Rel1/arm-none-eabi/bin/../lib/gcc/arm-none-eabi/13.2.1/../../../../arm-none-eabi/lib/thumb/v7-m/nofp/libg_nano.a(libc_a-stdio.o) (_close_r)
/Applications/ArmGNUToolchain/13.2.Rel1/arm-none-eabi/bin/../lib/gcc/arm-none-eabi/13.2.1/../../../../arm-none-eabi/lib/thumb/v7-m/nofp/libg_nano.a(libc_a-reent.o)
                              /Applications/ArmGNUToolchain/13.2.Rel1/arm-none-eabi/bin/../lib/gcc/arm-none-eabi/13.2.1/../../../../arm-none-eabi/lib/thumb/v7-m/nofp/libg_nano.a(libc_a-closer.o) (errno)
/Applications/ArmGNUToolchain/13.2.Rel1/arm-none-eabi/bin/../lib/gcc/arm-none-eabi/13.2.1/../../../../arm-none-eabi/lib/thumb/v7-m/nofp/libg_nano.a(libc_a-lseekr.o)
                              /Applications/ArmGNUToolchain/13.2.Rel1/arm-none-eabi/bin/../lib/gcc/arm-none-eabi/13.2.1/../../../../arm-none-eabi/lib/thumb/v7-m/nofp/libg_nano.a(libc_a-stdio.o) (_lseek_r)
[...]
Memory Configuration

Name             Origin             Length             Attributes
FLASH            0x00000000         0x00400000         xr
RAM              0x20000000         0x00400000         rw
*default*        0x00000000         0xffffffff

Linker script and memory map

LOAD ./output/tasks.o
LOAD ./output/list.o
LOAD ./output/queue.o
LOAD ./output/timers.o
LOAD ./output/event_groups.o
LOAD ./output/stream_buffer.o
LOAD ./output/heap_4.o
LOAD ./output/port.o
LOAD ./output/IntQueue.o
LOAD ./output/IntQueueTimer.o
LOAD ./output/main.o
LOAD ./output/startup_gcc.o
LOAD ./output/printf-stdarg.o
                0x00000008                        _Min_Heap_Size = 0x8
                0x00000400                        _Min_Stack_Size = 0x400
                0x20400000                        _estack = (ORIGIN (RAM) + LENGTH (RAM))

.isr_vector     0x00000000       0x78
                0x00000000                        __vector_table = .
 *(.isr_vector)
 .isr_vector    0x00000000       0x78 ./output/startup_gcc.o
                0x00000000                isr_vector
                0x00000078                        . = ALIGN (0x4)

.text           0x00000078      0x19b
 *(.text)
 *(.rodata*)
 .rodata.uxTopUsedPriority
                0x00000078        0x4 ./output/tasks.o
 .rodata        0x0000007c       0x31 ./output/tasks.o
 *fill*         0x000000ad        0x3 
 .rodata        0x000000b0       0x2c ./output/queue.o
 .rodata        0x000000dc       0x3d ./output/timers.o
 *fill*         0x00000119        0x3 
 .rodata        0x0000011c       0x3e ./output/heap_4.o
 *fill*         0x0000015a        0x2 
 .rodata        0x0000015c       0x40 ./output/port.o
 .rodata        0x0000019c       0x36 ./output/main.o
 *fill*         0x000001d2        0x2 
 .rodata        0x000001d4       0x36 ./output/startup_gcc.o
 *fill*         0x0000020a        0x2 
 .rodata        0x0000020c        0x7 ./output/printf-stdarg.o
 *(.constdata*)
                0x00000213                        _etext = .
                0x00000213                        _sidata = .

.glue_7         0x00000214        0x0
 .glue_7        0x00000214        0x0 linker stubs

.glue_7t        0x00000214        0x0
 .glue_7t       0x00000214        0x0 linker stubs

.vfp11_veneer   0x00000214        0x0
 .vfp11_veneer  0x00000214        0x0 linker stubs

.v4_bx          0x00000214        0x0
 .v4_bx         0x00000214        0x0 linker stubs

.text.prvCreateStaticTask
                0x00000214       0x9c
 .text.prvCreateStaticTask
                0x00000214       0x9c ./output/tasks.o

.text.xTaskCreateStatic
                0x000002b0       0x48
 .text.xTaskCreateStatic
                0x000002b0       0x48 ./output/tasks.o
                0x000002b0                xTaskCreateStatic

.text.prvCreateTask
                0x000002f8       0x82
 .text.prvCreateTask
                0x000002f8       0x82 ./output/tasks.o

.text.xTaskCreate
                0x0000037a       0x48
 .text.xTaskCreate
                0x0000037a       0x48 ./output/tasks.o
                0x0000037a                xTaskCreate

.text.prvInitialiseNewTask
                0x000003c4      0x108
 .text.prvInitialiseNewTask
                0x000003c4      0x108 ./output/tasks.o

.text.prvAddNewTaskToReadyList
                0x000004cc      0x124
 .text.prvAddNewTaskToReadyList
                0x000004cc      0x124 ./output/tasks.o

.text.vTaskDelay
                0x000005f0       0x60
 .text.vTaskDelay
                0x000005f0       0x60 ./output/tasks.o
                0x000005f0                vTaskDelay

.text.prvCreateIdleTasks
                0x00000650       0xd0
 .text.prvCreateIdleTasks
                0x00000650       0xd0 ./output/tasks.o

.text.vTaskStartScheduler
                0x00000720       0x80
 .text.vTaskStartScheduler
                0x00000720       0x80 ./output/tasks.o
                0x00000720                vTaskStartScheduler

.text.vTaskSuspendAll
                0x000007a0       0x1c
 .text.vTaskSuspendAll
                0x000007a0       0x1c ./output/tasks.o
                0x000007a0                vTaskSuspendAll

.text.xTaskResumeAll
                0x000007bc      0x204
 .text.xTaskResumeAll
                0x000007bc      0x204 ./output/tasks.o
                0x000007bc                xTaskResumeAll

.text.xTaskGetTickCount
                0x000009c0       0x1c
 .text.xTaskGetTickCount
                0x000009c0       0x1c ./output/tasks.o
                0x000009c0                xTaskGetTickCount

.text.uxTaskGetNumberOfTasks
                0x000009dc       0x14
 .text.uxTaskGetNumberOfTasks
                0x000009dc       0x14 ./output/tasks.o
                0x000009dc                uxTaskGetNumberOfTasks

.text.xTaskIncrementTick
                0x000009f0      0x234
 .text.xTaskIncrementTick
                0x000009f0      0x234 ./output/tasks.o
                0x000009f0                xTaskIncrementTick

.text.vTaskSwitchContext
                0x00000c24       0xfc
 .text.vTaskSwitchContext
                0x00000c24       0xfc ./output/tasks.o
                0x00000c24                vTaskSwitchContext

.text.vTaskPlaceOnEventList
                0x00000d20       0x40
 .text.vTaskPlaceOnEventList
                0x00000d20       0x40 ./output/tasks.o
                0x00000d20                vTaskPlaceOnEventList

.text.vTaskPlaceOnEventListRestricted
                0x00000d60       0x84
 .text.vTaskPlaceOnEventListRestricted
                0x00000d60       0x84 ./output/tasks.o
                0x00000d60                vTaskPlaceOnEventListRestricted

.text.xTaskRemoveFromEventList
                0x00000de4      0x1a0
 .text.xTaskRemoveFromEventList
                0x00000de4      0x1a0 ./output/tasks.o
                0x00000de4                xTaskRemoveFromEventList

.text.vTaskInternalSetTimeOutState
                0x00000f84       0x2c
 .text.vTaskInternalSetTimeOutState
                0x00000f84       0x2c ./output/tasks.o
                0x00000f84                vTaskInternalSetTimeOutState

.text.xTaskCheckForTimeOut
                0x00000fb0       0xd8
 .text.xTaskCheckForTimeOut
                0x00000fb0       0xd8 ./output/tasks.o
                0x00000fb0                xTaskCheckForTimeOut

.text.vTaskMissedYield
                0x00001088       0x18
 .text.vTaskMissedYield
                0x00001088       0x18 ./output/tasks.o
                0x00001088                vTaskMissedYield

.text.prvIdleTask
                0x000010a0        0xe
 .text.prvIdleTask
                0x000010a0        0xe ./output/tasks.o

.text.prvInitialiseTaskLists
                0x000010b0       0x80
 .text.prvInitialiseTaskLists
                0x000010b0       0x80 ./output/tasks.o

.text.prvCheckTasksWaitingTermination
                0x00001130       0x5c
 .text.prvCheckTasksWaitingTermination
                0x00001130       0x5c ./output/tasks.o

.text.prvDeleteTCB
                0x0000118c       0x58
 .text.prvDeleteTCB
                0x0000118c       0x58 ./output/tasks.o

.text.prvResetNextTaskUnblockTime
                0x000011e4       0x34
 .text.prvResetNextTaskUnblockTime
                0x000011e4       0x34 ./output/tasks.o

.text.xTaskGetSchedulerState
                0x00001218       0x3c
 .text.xTaskGetSchedulerState
                0x00001218       0x3c ./output/tasks.o
                0x00001218                xTaskGetSchedulerState

.text.xTaskPriorityDisinherit
                0x00001254      0x130
 .text.xTaskPriorityDisinherit
                0x00001254      0x130 ./output/tasks.o
                0x00001254                xTaskPriorityDisinherit

.text.prvAddCurrentTaskToDelayedList
                0x00001384      0x10c
 .text.prvAddCurrentTaskToDelayedList
                0x00001384      0x10c ./output/tasks.o

.iplt           0x00001490        0x0
 .iplt          0x00001490        0x0 ./output/tasks.o

.text.vListInitialise
                0x00001490       0x3e
 .text.vListInitialise
                0x00001490       0x3e ./output/list.o
                0x00001490                vListInitialise

.text.vListInitialiseItem
                0x000014ce       0x18
 .text.vListInitialiseItem
                0x000014ce       0x18 ./output/list.o
                0x000014ce                vListInitialiseItem

.text.vListInsert
                0x000014e6       0x70
 .text.vListInsert
                0x000014e6       0x70 ./output/list.o
                0x000014e6                vListInsert

.text.uxListRemove
                0x00001556       0x52
 .text.uxListRemove
                0x00001556       0x52 ./output/list.o
                0x00001556                uxListRemove

.text.xQueueGenericReset
                0x000015a8      0x10c
 .text.xQueueGenericReset
                0x000015a8      0x10c ./output/queue.o
                0x000015a8                xQueueGenericReset

.text.xQueueGenericCreateStatic
                0x000016b4       0x9c
 .text.xQueueGenericCreateStatic
                0x000016b4       0x9c ./output/queue.o
                0x000016b4                xQueueGenericCreateStatic

.text.prvInitialiseNewQueue
                0x00001750       0x44
 .text.prvInitialiseNewQueue
                0x00001750       0x44 ./output/queue.o

.text.xQueueGenericSendFromISR
                0x00001794      0x168
 .text.xQueueGenericSendFromISR
                0x00001794      0x168 ./output/queue.o
                0x00001794                xQueueGenericSendFromISR

.text.xQueueReceive
                0x000018fc      0x1a0
 .text.xQueueReceive
                0x000018fc      0x1a0 ./output/queue.o
                0x000018fc                xQueueReceive

.text.xQueueReceiveFromISR
                0x00001a9c      0x110
 .text.xQueueReceiveFromISR
                0x00001a9c      0x110 ./output/queue.o
                0x00001a9c                xQueueReceiveFromISR

.text.prvCopyDataToQueue
                0x00001bac       0xd4
 .text.prvCopyDataToQueue
                0x00001bac       0xd4 ./output/queue.o

.text.prvCopyDataFromQueue
                0x00001c80       0x4c
 .text.prvCopyDataFromQueue
                0x00001c80       0x4c ./output/queue.o

.text.prvUnlockQueue
                0x00001ccc       0xbe
 .text.prvUnlockQueue
                0x00001ccc       0xbe ./output/queue.o

.text.prvIsQueueEmpty
                0x00001d8a       0x2c
 .text.prvIsQueueEmpty
                0x00001d8a       0x2c ./output/queue.o

.text.xQueueIsQueueFullFromISR
                0x00001db8       0x40
 .text.xQueueIsQueueFullFromISR
                0x00001db8       0x40 ./output/queue.o
                0x00001db8                xQueueIsQueueFullFromISR

.text.vQueueAddToRegistry
                0x00001df8       0x90
 .text.vQueueAddToRegistry
                0x00001df8       0x90 ./output/queue.o
                0x00001df8                vQueueAddToRegistry

.text.vQueueWaitForMessageRestricted
                0x00001e88       0x68
 .text.vQueueWaitForMessageRestricted
                0x00001e88       0x68 ./output/queue.o
                0x00001e88                vQueueWaitForMessageRestricted

.text.prvNotifyQueueSetContainer
                0x00001ef0       0xc0
 .text.prvNotifyQueueSetContainer
                0x00001ef0       0xc0 ./output/queue.o

.text.xTimerCreateTimerTask
                0x00001fb0       0x88
 .text.xTimerCreateTimerTask
                0x00001fb0       0x88 ./output/timers.o
                0x00001fb0                xTimerCreateTimerTask

.text.prvReloadTimer
                0x00002038       0x42
 .text.prvReloadTimer
                0x00002038       0x42 ./output/timers.o

.text.prvProcessExpiredTimer
                0x0000207c       0x60
 .text.prvProcessExpiredTimer
                0x0000207c       0x60 ./output/timers.o

.text.prvTimerTask
                0x000020dc       0x26
 .text.prvTimerTask
                0x000020dc       0x26 ./output/timers.o

.text.prvProcessTimerOrBlockTask
                0x00002104       0x9c
 .text.prvProcessTimerOrBlockTask
                0x00002104       0x9c ./output/timers.o

.text.prvGetNextExpireTime
                0x000021a0       0x44
 .text.prvGetNextExpireTime
                0x000021a0       0x44 ./output/timers.o

.text.prvSampleTimeNow
                0x000021e4       0x40
 .text.prvSampleTimeNow
                0x000021e4       0x40 ./output/timers.o

.text.prvInsertTimerInActiveList
                0x00002224       0x84
 .text.prvInsertTimerInActiveList
                0x00002224       0x84 ./output/timers.o

.text.prvProcessReceivedCommands
                0x000022a8      0x1b0
 .text.prvProcessReceivedCommands
                0x000022a8      0x1b0 ./output/timers.o

.text.prvSwitchTimerLists
                0x00002458       0x4c
 .text.prvSwitchTimerLists
                0x00002458       0x4c ./output/timers.o

.text.prvCheckForValidListAndQueue
                0x000024a4       0x80
 .text.prvCheckForValidListAndQueue
                0x000024a4       0x80 ./output/timers.o

.text.pvPortMalloc
                0x00002524      0x21c
 .text.pvPortMalloc
                0x00002524      0x21c ./output/heap_4.o
                0x00002524                pvPortMalloc

.text.vPortFree
                0x00002740       0xc8
 .text.vPortFree
                0x00002740       0xc8 ./output/heap_4.o
                0x00002740                vPortFree

.text.prvHeapInit
                0x00002808       0xb4
 .text.prvHeapInit
                0x00002808       0xb4 ./output/heap_4.o

.text.prvInsertBlockIntoFreeList
                0x000028bc       0xe8
 .text.prvInsertBlockIntoFreeList
                0x000028bc       0xe8 ./output/heap_4.o

.text.pxPortInitialiseStack
                0x000029a4       0x58
 .text.pxPortInitialiseStack
                0x000029a4       0x58 ./output/port.o
                0x000029a4                pxPortInitialiseStack

.text.prvTaskExitError
                0x000029fc       0x4c
 .text.prvTaskExitError
                0x000029fc       0x4c ./output/port.o

.text.vPortSVCHandler
                0x00002a50       0x28
 .text.vPortSVCHandler
                0x00002a50       0x28 ./output/port.o
                0x00002a50                vPortSVCHandler

.text.prvPortStartFirstTask
                0x00002a78       0x24
 .text.prvPortStartFirstTask
                0x00002a78       0x24 ./output/port.o

.text.xPortStartScheduler
                0x00002a9c      0x148
 .text.xPortStartScheduler
                0x00002a9c      0x148 ./output/port.o
                0x00002a9c                xPortStartScheduler

.text.vPortEnterCritical
                0x00002be4       0x54
 .text.vPortEnterCritical
                0x00002be4       0x54 ./output/port.o
                0x00002be4                vPortEnterCritical

.text.vPortExitCritical
                0x00002c38       0x48
 .text.vPortExitCritical
                0x00002c38       0x48 ./output/port.o
                0x00002c38                vPortExitCritical

.text.xPortPendSVHandler
                0x00002c80       0x48
 .text.xPortPendSVHandler
                0x00002c80       0x48 ./output/port.o
                0x00002c80                xPortPendSVHandler

.text.xPortSysTickHandler
                0x00002cc8       0x44
 .text.xPortSysTickHandler
                0x00002cc8       0x44 ./output/port.o
                0x00002cc8                xPortSysTickHandler

.text.vPortSetupTimerInterrupt
                0x00002d0c       0x34
 .text.vPortSetupTimerInterrupt
                0x00002d0c       0x34 ./output/port.o
                0x00002d0c                vPortSetupTimerInterrupt

.text.vPortValidateInterruptPriority
                0x00002d40       0x68
 .text.vPortValidateInterruptPriority
                0x00002d40       0x68 ./output/port.o
                0x00002d40                vPortValidateInterruptPriority

.text.prvRecordValue_NormallyFull
                0x00002da8       0x3c
 .text.prvRecordValue_NormallyFull
                0x00002da8       0x3c ./output/IntQueue.o

.text.prvRecordValue_NormallyEmpty
                0x00002de4       0x3c
 .text.prvRecordValue_NormallyEmpty
                0x00002de4       0x3c ./output/IntQueue.o

.text.prvQueueAccessLogError
                0x00002e20       0x28
 .text.prvQueueAccessLogError
                0x00002e20       0x28 ./output/IntQueue.o

.text.xFirstTimerHandler
                0x00002e48      0x1b8
 .text.xFirstTimerHandler
                0x00002e48      0x1b8 ./output/IntQueue.o
                0x00002e48                xFirstTimerHandler

.text.xSecondTimerHandler
                0x00003000      0x290
 .text.xSecondTimerHandler
                0x00003000      0x290 ./output/IntQueue.o
                0x00003000                xSecondTimerHandler

.text.TIMER0_Handler
                0x00003290       0x48
 .text.TIMER0_Handler
                0x00003290       0x48 ./output/IntQueueTimer.o
                0x00003290                TIMER0_Handler

.text.TIMER1_Handler
                0x000032d8       0x48
 .text.TIMER1_Handler
                0x000032d8       0x48 ./output/IntQueueTimer.o
                0x000032d8                TIMER1_Handler

.text.main      0x00003320       0x58
 .text.main     0x00003320       0x58 ./output/main.o
                0x00003320                main

.text.vTaskFunction1
                0x00003378       0x20
 .text.vTaskFunction1
                0x00003378       0x20 ./output/main.o
                0x00003378                vTaskFunction1

.text.vTaskFunction2
                0x00003398       0x20
 .text.vTaskFunction2
                0x00003398       0x20 ./output/main.o
                0x00003398                vTaskFunction2

.text.vFullDemoTickHookFunction
                0x000033b8        0xc
 .text.vFullDemoTickHookFunction
                0x000033b8        0xc ./output/main.o
                0x000033b8                vFullDemoTickHookFunction

.text.vApplicationMallocFailedHook
                0x000033c4        0xc
 .text.vApplicationMallocFailedHook
                0x000033c4        0xc ./output/main.o
                0x000033c4                vApplicationMallocFailedHook

.text.vApplicationStackOverflowHook
                0x000033d0       0x14
 .text.vApplicationStackOverflowHook
                0x000033d0       0x14 ./output/main.o
                0x000033d0                vApplicationStackOverflowHook

.text.vApplicationTickHook
                0x000033e4        0xc
 .text.vApplicationTickHook
                0x000033e4        0xc ./output/main.o
                0x000033e4                vApplicationTickHook

.text.vAssertCalled
                0x000033f0       0x14
 .text.vAssertCalled
                0x000033f0       0x14 ./output/main.o
                0x000033f0                vAssertCalled

.text.vApplicationGetIdleTaskMemory
                0x00003404       0x30
 .text.vApplicationGetIdleTaskMemory
                0x00003404       0x30 ./output/main.o
                0x00003404                vApplicationGetIdleTaskMemory

.text.vApplicationGetTimerTaskMemory
                0x00003434       0x30
 .text.vApplicationGetTimerTaskMemory
                0x00003434       0x30 ./output/main.o
                0x00003434                vApplicationGetTimerTaskMemory

.text.prvUARTInit
                0x00003464       0x20
 .text.prvUARTInit
                0x00003464       0x20 ./output/main.o

.text.Reset_Handler
                0x00003484        0xc
 .text.Reset_Handler
                0x00003484        0xc ./output/startup_gcc.o
                0x00003484                Reset_Handler

.text.prvGetRegistersFromStack
                0x00003490       0x88
 .text.prvGetRegistersFromStack
                0x00003490       0x88 ./output/startup_gcc.o
                0x00003490                prvGetRegistersFromStack

.text.Default_Handler
                0x00003600       0x18
 .text.Default_Handler
                0x00003600       0x18 ./output/startup_gcc.o

.text.HardFault_Handler
                0x00003700       0x1c
 .text.HardFault_Handler
                0x00003700       0x1c ./output/startup_gcc.o

.text.printchar
                0x0000371c       0x62
 .text.printchar
                0x0000371c       0x62 ./output/printf-stdarg.o

.text.prints    0x0000377e       0xb6
 .text.prints   0x0000377e       0xb6 ./output/printf-stdarg.o

.text.printi    0x00003834       0xe2
 .text.printi   0x00003834       0xe2 ./output/printf-stdarg.o

.text.tiny_print
                0x00003918      0x1fc
 .text.tiny_print
                0x00003918      0x1fc ./output/printf-stdarg.o

.text.printf    0x00003b14       0x2a
 .text.printf   0x00003b14       0x2a ./output/printf-stdarg.o
                0x00003b14                printf

.text.__sflush_r
                0x00003b40      0x100
 .text.__sflush_r
                0x00003b40      0x100 /Applications/ArmGNUToolchain/13.2.Rel1/arm-none-eabi/bin/../lib/gcc/arm-none-eabi/13.2.1/../../../../arm-none-eabi/lib/thumb/v7-m/nofp/libg_nano.a(libc_a-fflush.o)
                0x00003b40                __sflush_r

.text._fflush_r
                0x00003c40       0x50
 .text._fflush_r
                0x00003c40       0x50 /Applications/ArmGNUToolchain/13.2.Rel1/arm-none-eabi/bin/../lib/gcc/arm-none-eabi/13.2.1/../../../../arm-none-eabi/lib/thumb/v7-m/nofp/libg_nano.a(libc_a-fflush.o)
                0x00003c40                _fflush_r

.text.fflush    0x00003c90       0x28
 .text.fflush   0x00003c90       0x28 /Applications/ArmGNUToolchain/13.2.Rel1/arm-none-eabi/bin/../lib/gcc/arm-none-eabi/13.2.1/../../../../arm-none-eabi/lib/thumb/v7-m/nofp/libg_nano.a(libc_a-fflush.o)
                0x00003c90                fflush

.text.std       0x00003cb8       0x6c
 .text.std      0x00003cb8       0x6c /Applications/ArmGNUToolchain/13.2.Rel1/arm-none-eabi/bin/../lib/gcc/arm-none-eabi/13.2.1/../../../../arm-none-eabi/lib/thumb/v7-m/nofp/libg_nano.a(libc_a-findfp.o)

.text.stdio_exit_handler
                0x00003d24       0x18
 .text.stdio_exit_handler
                0x00003d24       0x18 /Applications/ArmGNUToolchain/13.2.Rel1/arm-none-eabi/bin/../lib/gcc/arm-none-eabi/13.2.1/../../../../arm-none-eabi/lib/thumb/v7-m/nofp/libg_nano.a(libc_a-findfp.o)

.text.cleanup_stdio
                0x00003d3c       0x40
 .text.cleanup_stdio
                0x00003d3c       0x40 /Applications/ArmGNUToolchain/13.2.Rel1/arm-none-eabi/bin/../lib/gcc/arm-none-eabi/13.2.1/../../../../arm-none-eabi/lib/thumb/v7-m/nofp/libg_nano.a(libc_a-findfp.o)

.text.global_stdio_init.part.0
                0x00003d7c       0x3c
 .text.global_stdio_init.part.0
                0x00003d7c       0x3c /Applications/ArmGNUToolchain/13.2.Rel1/arm-none-eabi/bin/../lib/gcc/arm-none-eabi/13.2.1/../../../../arm-none-eabi/lib/thumb/v7-m/nofp/libg_nano.a(libc_a-findfp.o)

.text.__sfp_lock_acquire
                0x00003db8        0xc
 .text.__sfp_lock_acquire
                0x00003db8        0xc /Applications/ArmGNUToolchain/13.2.Rel1/arm-none-eabi/bin/../lib/gcc/arm-none-eabi/13.2.1/../../../../arm-none-eabi/lib/thumb/v7-m/nofp/libg_nano.a(libc_a-findfp.o)
                0x00003db8                __sfp_lock_acquire

.text.__sfp_lock_release
                0x00003dc4        0xc
 .text.__sfp_lock_release
                0x00003dc4        0xc /Applications/ArmGNUToolchain/13.2.Rel1/arm-none-eabi/bin/../lib/gcc/arm-none-eabi/13.2.1/../../../../arm-none-eabi/lib/thumb/v7-m/nofp/libg_nano.a(libc_a-findfp.o)
                0x00003dc4                __sfp_lock_release

.text.__sinit   0x00003dd0       0x30
 .text.__sinit  0x00003dd0       0x30 /Applications/ArmGNUToolchain/13.2.Rel1/arm-none-eabi/bin/../lib/gcc/arm-none-eabi/13.2.1/../../../../arm-none-eabi/lib/thumb/v7-m/nofp/libg_nano.a(libc_a-findfp.o)
                0x00003dd0                __sinit

.text._fwalk_sglue
                0x00003e00       0x3c
 .text._fwalk_sglue
                0x00003e00       0x3c /Applications/ArmGNUToolchain/13.2.Rel1/arm-none-eabi/bin/../lib/gcc/arm-none-eabi/13.2.1/../../../../arm-none-eabi/lib/thumb/v7-m/nofp/libg_nano.a(libc_a-fwalk.o)
                0x00003e00                _fwalk_sglue

.text.memset    0x00003e3c       0x10
 .text.memset   0x00003e3c       0x10 /Applications/ArmGNUToolchain/13.2.Rel1/arm-none-eabi/bin/../lib/gcc/arm-none-eabi/13.2.1/../../../../arm-none-eabi/lib/thumb/v7-m/nofp/libg_nano.a(libc_a-memset.o)
                0x00003e3c                memset

.text.__retarget_lock_init_recursive
                0x00003e4c        0x2
 .text.__retarget_lock_init_recursive
                0x00003e4c        0x2 /Applications/ArmGNUToolchain/13.2.Rel1/arm-none-eabi/bin/../lib/gcc/arm-none-eabi/13.2.1/../../../../arm-none-eabi/lib/thumb/v7-m/nofp/libg_nano.a(libc_a-lock.o)
                0x00003e4c                __retarget_lock_init_recursive

.text.__retarget_lock_acquire_recursive
                0x00003e4e        0x2
 .text.__retarget_lock_acquire_recursive
                0x00003e4e        0x2 /Applications/ArmGNUToolchain/13.2.Rel1/arm-none-eabi/bin/../lib/gcc/arm-none-eabi/13.2.1/../../../../arm-none-eabi/lib/thumb/v7-m/nofp/libg_nano.a(libc_a-lock.o)
                0x00003e4e                __retarget_lock_acquire_recursive

.text.__retarget_lock_release_recursive
                0x00003e50        0x2
 .text.__retarget_lock_release_recursive
                0x00003e50        0x2 /Applications/ArmGNUToolchain/13.2.Rel1/arm-none-eabi/bin/../lib/gcc/arm-none-eabi/13.2.1/../../../../arm-none-eabi/lib/thumb/v7-m/nofp/libg_nano.a(libc_a-lock.o)
                0x00003e50                __retarget_lock_release_recursive

.text.memcpy    0x00003e52       0x1c
 .text.memcpy   0x00003e52       0x1c /Applications/ArmGNUToolchain/13.2.Rel1/arm-none-eabi/bin/../lib/gcc/arm-none-eabi/13.2.1/../../../../arm-none-eabi/lib/thumb/v7-m/nofp/libg_nano.a(libc_a-memcpy-stub.o)
                0x00003e52                memcpy

.text._free_r   0x00003e70       0x90
 .text._free_r  0x00003e70       0x90 /Applications/ArmGNUToolchain/13.2.Rel1/arm-none-eabi/bin/../lib/gcc/arm-none-eabi/13.2.1/../../../../arm-none-eabi/lib/thumb/v7-m/nofp/libg_nano.a(libc_a-freer.o)
                0x00003e70                _free_r

.text.__malloc_lock
                0x00003f00        0xc
 .text.__malloc_lock
                0x00003f00        0xc /Applications/ArmGNUToolchain/13.2.Rel1/arm-none-eabi/bin/../lib/gcc/arm-none-eabi/13.2.1/../../../../arm-none-eabi/lib/thumb/v7-m/nofp/libg_nano.a(libc_a-mlock.o)
                0x00003f00                __malloc_lock

.text.__malloc_unlock
                0x00003f0c        0xc
 .text.__malloc_unlock
                0x00003f0c        0xc /Applications/ArmGNUToolchain/13.2.Rel1/arm-none-eabi/bin/../lib/gcc/arm-none-eabi/13.2.1/../../../../arm-none-eabi/lib/thumb/v7-m/nofp/libg_nano.a(libc_a-mlock.o)
                0x00003f0c                __malloc_unlock

.text.__sread   0x00003f18       0x22
 .text.__sread  0x00003f18       0x22 /Applications/ArmGNUToolchain/13.2.Rel1/arm-none-eabi/bin/../lib/gcc/arm-none-eabi/13.2.1/../../../../arm-none-eabi/lib/thumb/v7-m/nofp/libg_nano.a(libc_a-stdio.o)
                0x00003f18                __sread

.text.__swrite  0x00003f3a       0x38
 .text.__swrite
                0x00003f3a       0x38 /Applications/ArmGNUToolchain/13.2.Rel1/arm-none-eabi/bin/../lib/gcc/arm-none-eabi/13.2.1/../../../../arm-none-eabi/lib/thumb/v7-m/nofp/libg_nano.a(libc_a-stdio.o)
                0x00003f3a                __swrite

.text.__sseek   0x00003f72       0x24
 .text.__sseek  0x00003f72       0x24 /Applications/ArmGNUToolchain/13.2.Rel1/arm-none-eabi/bin/../lib/gcc/arm-none-eabi/13.2.1/../../../../arm-none-eabi/lib/thumb/v7-m/nofp/libg_nano.a(libc_a-stdio.o)
                0x00003f72                __sseek

.text.__sclose  0x00003f96        0x8
 .text.__sclose
                0x00003f96        0x8 /Applications/ArmGNUToolchain/13.2.Rel1/arm-none-eabi/bin/../lib/gcc/arm-none-eabi/13.2.1/../../../../arm-none-eabi/lib/thumb/v7-m/nofp/libg_nano.a(libc_a-stdio.o)
                0x00003f96                __sclose

.text._close_r  0x00003fa0       0x20
 .text._close_r
                0x00003fa0       0x20 /Applications/ArmGNUToolchain/13.2.Rel1/arm-none-eabi/bin/../lib/gcc/arm-none-eabi/13.2.1/../../../../arm-none-eabi/lib/thumb/v7-m/nofp/libg_nano.a(libc_a-closer.o)
                0x00003fa0                _close_r

.text._lseek_r  0x00003fc0       0x24
 .text._lseek_r
                0x00003fc0       0x24 /Applications/ArmGNUToolchain/13.2.Rel1/arm-none-eabi/bin/../lib/gcc/arm-none-eabi/13.2.1/../../../../arm-none-eabi/lib/thumb/v7-m/nofp/libg_nano.a(libc_a-lseekr.o)
                0x00003fc0                _lseek_r

.text._read_r   0x00003fe4       0x24
 .text._read_r  0x00003fe4       0x24 /Applications/ArmGNUToolchain/13.2.Rel1/arm-none-eabi/bin/../lib/gcc/arm-none-eabi/13.2.1/../../../../arm-none-eabi/lib/thumb/v7-m/nofp/libg_nano.a(libc_a-readr.o)
                0x00003fe4                _read_r

.text._write_r  0x00004008       0x24
 .text._write_r
                0x00004008       0x24 /Applications/ArmGNUToolchain/13.2.Rel1/arm-none-eabi/bin/../lib/gcc/arm-none-eabi/13.2.1/../../../../arm-none-eabi/lib/thumb/v7-m/nofp/libg_nano.a(libc_a-writer.o)
                0x00004008                _write_r

.text.findslot  0x0000402c       0x34
 .text.findslot
                0x0000402c       0x34 /Applications/ArmGNUToolchain/13.2.Rel1/arm-none-eabi/bin/../lib/gcc/arm-none-eabi/13.2.1/../../../../arm-none-eabi/lib/thumb/v7-m/nofp/librdimon_nano.a(arm_librdimon_a-syscalls.o)

.text.error     0x00004060       0x1c
 .text.error    0x00004060       0x1c /Applications/ArmGNUToolchain/13.2.Rel1/arm-none-eabi/bin/../lib/gcc/arm-none-eabi/13.2.1/../../../../arm-none-eabi/lib/thumb/v7-m/nofp/librdimon_nano.a(arm_librdimon_a-syscalls.o)

.text.checkerror
                0x0000407c        0xa
 .text.checkerror
                0x0000407c        0xa /Applications/ArmGNUToolchain/13.2.Rel1/arm-none-eabi/bin/../lib/gcc/arm-none-eabi/13.2.1/../../../../arm-none-eabi/lib/thumb/v7-m/nofp/librdimon_nano.a(arm_librdimon_a-syscalls.o)

.text._swiread  0x00004086       0x20
 .text._swiread
                0x00004086       0x20 /Applications/ArmGNUToolchain/13.2.Rel1/arm-none-eabi/bin/../lib/gcc/arm-none-eabi/13.2.1/../../../../arm-none-eabi/lib/thumb/v7-m/nofp/librdimon_nano.a(arm_librdimon_a-syscalls.o)
                0x00004086                _swiread

.text._read     0x000040a6       0x34
 .text._read    0x000040a6       0x34 /Applications/ArmGNUToolchain/13.2.Rel1/arm-none-eabi/bin/../lib/gcc/arm-none-eabi/13.2.1/../../../../arm-none-eabi/lib/thumb/v7-m/nofp/librdimon_nano.a(arm_librdimon_a-syscalls.o)
                0x000040a6                _read

.text._swilseek
                0x000040da       0x78
 .text._swilseek
                0x000040da       0x78 /Applications/ArmGNUToolchain/13.2.Rel1/arm-none-eabi/bin/../lib/gcc/arm-none-eabi/13.2.1/../../../../arm-none-eabi/lib/thumb/v7-m/nofp/librdimon_nano.a(arm_librdimon_a-syscalls.o)
                0x000040da                _swilseek

.text._lseek    0x00004152        0x4
 .text._lseek   0x00004152        0x4 /Applications/ArmGNUToolchain/13.2.Rel1/arm-none-eabi/bin/../lib/gcc/arm-none-eabi/13.2.1/../../../../arm-none-eabi/lib/thumb/v7-m/nofp/librdimon_nano.a(arm_librdimon_a-syscalls.o)
                0x00004152                _lseek

.text._swiwrite
                0x00004156       0x20
 .text._swiwrite
                0x00004156       0x20 /Applications/ArmGNUToolchain/13.2.Rel1/arm-none-eabi/bin/../lib/gcc/arm-none-eabi/13.2.1/../../../../arm-none-eabi/lib/thumb/v7-m/nofp/librdimon_nano.a(arm_librdimon_a-syscalls.o)
                0x00004156                _swiwrite

.text._write    0x00004176       0x40
 .text._write   0x00004176       0x40 /Applications/ArmGNUToolchain/13.2.Rel1/arm-none-eabi/bin/../lib/gcc/arm-none-eabi/13.2.1/../../../../arm-none-eabi/lib/thumb/v7-m/nofp/librdimon_nano.a(arm_librdimon_a-syscalls.o)
                0x00004176                _write

.text._swiclose
                0x000041b6       0x1a
 .text._swiclose
                0x000041b6       0x1a /Applications/ArmGNUToolchain/13.2.Rel1/arm-none-eabi/bin/../lib/gcc/arm-none-eabi/13.2.1/../../../../arm-none-eabi/lib/thumb/v7-m/nofp/librdimon_nano.a(arm_librdimon_a-syscalls.o)
                0x000041b6                _swiclose

.text._close    0x000041d0       0x4c
 .text._close   0x000041d0       0x4c /Applications/ArmGNUToolchain/13.2.Rel1/arm-none-eabi/bin/../lib/gcc/arm-none-eabi/13.2.1/../../../../arm-none-eabi/lib/thumb/v7-m/nofp/librdimon_nano.a(arm_librdimon_a-syscalls.o)
                0x000041d0                _close

.text.__errno   0x0000421c        0xc
 .text.__errno  0x0000421c        0xc /Applications/ArmGNUToolchain/13.2.Rel1/arm-none-eabi/bin/../lib/gcc/arm-none-eabi/13.2.1/../../../../arm-none-eabi/lib/thumb/v7-m/nofp/libc_nano.a(libc_a-errno.o)
                0x0000421c                __errno

.rel.dyn        0x00004228        0x0
 .rel.iplt      0x00004228        0x0 ./output/tasks.o

.data           0x20000000        0x0
                0x20000000                        . = ALIGN (0x8)
                0x20000000                        _data = .
                0x20000000                        _sdata = .
 *(vtable)
 *(.data)
                0x20000000                        _edata = .

.igot.plt       0x20000000        0x0
 .igot.plt      0x20000000        0x0 ./output/tasks.o

.data.uxCriticalNesting
                0x20000000        0x4
 .data.uxCriticalNesting
                0x20000000        0x4 ./output/port.o

.data.xErrorStatus
                0x20000004        0x4
 .data.xErrorStatus
                0x20000004        0x4 ./output/IntQueue.o

.data.__sglue   0x20000008        0xc
 .data.__sglue  0x20000008        0xc /Applications/ArmGNUToolchain/13.2.Rel1/arm-none-eabi/bin/../lib/gcc/arm-none-eabi/13.2.1/../../../../arm-none-eabi/lib/thumb/v7-m/nofp/libg_nano.a(libc_a-findfp.o)
                0x20000008                __sglue

.data._impure_ptr
                0x20000014        0x4
 .data._impure_ptr
                0x20000014        0x4 /Applications/ArmGNUToolchain/13.2.Rel1/arm-none-eabi/bin/../lib/gcc/arm-none-eabi/13.2.1/../../../../arm-none-eabi/lib/thumb/v7-m/nofp/libg_nano.a(libc_a-impure.o)
                0x20000014                _impure_ptr

.data._impure_data
                0x20000018       0x4c
 .data._impure_data
                0x20000018       0x4c /Applications/ArmGNUToolchain/13.2.Rel1/arm-none-eabi/bin/../lib/gcc/arm-none-eabi/13.2.1/../../../../arm-none-eabi/lib/thumb/v7-m/nofp/libg_nano.a(libc_a-impure.o)
                0x20000018                _impure_data

.bss            0x20000064        0x4
                0x20000068                        . = ALIGN (0x8)
 *fill*         0x20000064        0x4 
                0x20000068                        _bss = .
                0x20000068                        _sbss = .
 *(.bss)
                0x20000068                        _ebss = .

.bss.pxCurrentTCB
                0x20000068        0x4
 .bss.pxCurrentTCB
                0x20000068        0x4 ./output/tasks.o
                0x20000068                pxCurrentTCB

.bss.pxReadyTasksLists
                0x2000006c       0xb4
 .bss.pxReadyTasksLists
                0x2000006c       0xb4 ./output/tasks.o

.bss.xDelayedTaskList1
                0x20000120       0x14
 .bss.xDelayedTaskList1
                0x20000120       0x14 ./output/tasks.o

.bss.xDelayedTaskList2
                0x20000134       0x14
 .bss.xDelayedTaskList2
                0x20000134       0x14 ./output/tasks.o

.bss.pxDelayedTaskList
                0x20000148        0x4
 .bss.pxDelayedTaskList
                0x20000148        0x4 ./output/tasks.o

.bss.pxOverflowDelayedTaskList
                0x2000014c        0x4
 .bss.pxOverflowDelayedTaskList
                0x2000014c        0x4 ./output/tasks.o

.bss.xPendingReadyList
                0x20000150       0x14
 .bss.xPendingReadyList
                0x20000150       0x14 ./output/tasks.o

.bss.xTasksWaitingTermination
                0x20000164       0x14
 .bss.xTasksWaitingTermination
                0x20000164       0x14 ./output/tasks.o

.bss.uxDeletedTasksWaitingCleanUp
                0x20000178        0x4
 .bss.uxDeletedTasksWaitingCleanUp
                0x20000178        0x4 ./output/tasks.o

.bss.xSuspendedTaskList
                0x2000017c       0x14
 .bss.xSuspendedTaskList
                0x2000017c       0x14 ./output/tasks.o

.bss.uxCurrentNumberOfTasks
                0x20000190        0x4
 .bss.uxCurrentNumberOfTasks
                0x20000190        0x4 ./output/tasks.o

.bss.xTickCount
                0x20000194        0x4
 .bss.xTickCount
                0x20000194        0x4 ./output/tasks.o

.bss.uxTopReadyPriority
                0x20000198        0x4
 .bss.uxTopReadyPriority
                0x20000198        0x4 ./output/tasks.o

.bss.xSchedulerRunning
                0x2000019c        0x4
 .bss.xSchedulerRunning
                0x2000019c        0x4 ./output/tasks.o

.bss.xPendedTicks
                0x200001a0        0x4
 .bss.xPendedTicks
                0x200001a0        0x4 ./output/tasks.o

.bss.xYieldPendings
                0x200001a4        0x4
 .bss.xYieldPendings
                0x200001a4        0x4 ./output/tasks.o

.bss.xNumOfOverflows
                0x200001a8        0x4
 .bss.xNumOfOverflows
                0x200001a8        0x4 ./output/tasks.o

.bss.uxTaskNumber
                0x200001ac        0x4
 .bss.uxTaskNumber
                0x200001ac        0x4 ./output/tasks.o

.bss.xNextTaskUnblockTime
                0x200001b0        0x4
 .bss.xNextTaskUnblockTime
                0x200001b0        0x4 ./output/tasks.o

.bss.xIdleTaskHandles
                0x200001b4        0x4
 .bss.xIdleTaskHandles
                0x200001b4        0x4 ./output/tasks.o

.bss.uxSchedulerSuspended
                0x200001b8        0x4
 .bss.uxSchedulerSuspended
                0x200001b8        0x4 ./output/tasks.o

.bss.xQueueRegistry
                0x200001bc       0x50
 .bss.xQueueRegistry
                0x200001bc       0x50 ./output/queue.o
                0x200001bc                xQueueRegistry

.bss.xActiveTimerList1
                0x2000020c       0x14
 .bss.xActiveTimerList1
                0x2000020c       0x14 ./output/timers.o

.bss.xActiveTimerList2
                0x20000220       0x14
 .bss.xActiveTimerList2
                0x20000220       0x14 ./output/timers.o

.bss.pxCurrentTimerList
                0x20000234        0x4
 .bss.pxCurrentTimerList
                0x20000234        0x4 ./output/timers.o

.bss.pxOverflowTimerList
                0x20000238        0x4
 .bss.pxOverflowTimerList
                0x20000238        0x4 ./output/timers.o

.bss.xTimerQueue
                0x2000023c        0x4
 .bss.xTimerQueue
                0x2000023c        0x4 ./output/timers.o

.bss.xTimerTaskHandle
                0x20000240        0x4
 .bss.xTimerTaskHandle
                0x20000240        0x4 ./output/timers.o

.bss.xLastTime.2
                0x20000244        0x4
 .bss.xLastTime.2
                0x20000244        0x4 ./output/timers.o

.bss.ucStaticTimerQueueStorage.1
                0x20000248      0x140
 .bss.ucStaticTimerQueueStorage.1
                0x20000248      0x140 ./output/timers.o

.bss.xStaticTimerQueue.0
                0x20000388       0x4c
 .bss.xStaticTimerQueue.0
                0x20000388       0x4c ./output/timers.o

.bss.ucHeap     0x200003d4     0xf000
 .bss.ucHeap    0x200003d4     0xf000 ./output/heap_4.o

.bss.xStart     0x2000f3d4        0x8
 .bss.xStart    0x2000f3d4        0x8 ./output/heap_4.o

.bss.pxEnd      0x2000f3dc        0x4
 .bss.pxEnd     0x2000f3dc        0x4 ./output/heap_4.o

.bss.xFreeBytesRemaining
                0x2000f3e0        0x4
 .bss.xFreeBytesRemaining
                0x2000f3e0        0x4 ./output/heap_4.o

.bss.xMinimumEverFreeBytesRemaining
                0x2000f3e4        0x4
 .bss.xMinimumEverFreeBytesRemaining
                0x2000f3e4        0x4 ./output/heap_4.o

.bss.xNumberOfSuccessfulAllocations
                0x2000f3e8        0x4
 .bss.xNumberOfSuccessfulAllocations
                0x2000f3e8        0x4 ./output/heap_4.o

.bss.xNumberOfSuccessfulFrees
                0x2000f3ec        0x4
 .bss.xNumberOfSuccessfulFrees
                0x2000f3ec        0x4 ./output/heap_4.o

.bss.ucMaxSysCallPriority
                0x2000f3f0        0x1
 .bss.ucMaxSysCallPriority
                0x2000f3f0        0x1 ./output/port.o

.bss.ulMaxPRIGROUPValue
                0x2000f3f4        0x4
 .bss.ulMaxPRIGROUPValue
                0x2000f3f4        0x4 ./output/port.o

.bss.xNormallyEmptyQueue
                0x2000f3f8        0x4
 .bss.xNormallyEmptyQueue
                0x2000f3f8        0x4 ./output/IntQueue.o

.bss.xNormallyFullQueue
                0x2000f3fc        0x4
 .bss.xNormallyFullQueue
                0x2000f3fc        0x4 ./output/IntQueue.o

.bss.xErrorLine
                0x2000f400        0x4
 .bss.xErrorLine
                0x2000f400        0x4 ./output/IntQueue.o

.bss.uxValueForNormallyEmptyQueue
                0x2000f404        0x4
 .bss.uxValueForNormallyEmptyQueue
                0x2000f404        0x4 ./output/IntQueue.o

.bss.uxValueForNormallyFullQueue
                0x2000f408        0x4
 .bss.uxValueForNormallyFullQueue
                0x2000f408        0x4 ./output/IntQueue.o

.bss.ucNormallyEmptyReceivedValues
                0x2000f40c       0xc8
 .bss.ucNormallyEmptyReceivedValues
                0x2000f40c       0xc8 ./output/IntQueue.o

.bss.ucNormallyFullReceivedValues
                0x2000f4d4       0xc8
 .bss.ucNormallyFullReceivedValues
                0x2000f4d4       0xc8 ./output/IntQueue.o

.bss.uxNextOperation.5
                0x2000f59c        0x4
 .bss.uxNextOperation.5
                0x2000f59c        0x4 ./output/IntQueue.o

.bss.uxNextOperation.4
                0x2000f5a0        0x4
 .bss.uxNextOperation.4
                0x2000f5a0        0x4 ./output/IntQueue.o

.bss.ulNest     0x2000f5a4        0x4
 .bss.ulNest    0x2000f5a4        0x4 ./output/IntQueueTimer.o
                0x2000f5a4                ulNest

.bss.ulNestCount
                0x2000f5a8        0x4
 .bss.ulNestCount
                0x2000f5a8        0x4 ./output/IntQueueTimer.o
                0x2000f5a8                ulNestCount

.bss.xTaskHandle1
                0x2000f5ac        0x4
 .bss.xTaskHandle1
                0x2000f5ac        0x4 ./output/main.o
                0x2000f5ac                xTaskHandle1

.bss.xTaskHandle2
                0x2000f5b0        0x4
 .bss.xTaskHandle2
                0x2000f5b0        0x4 ./output/main.o
                0x2000f5b0                xTaskHandle2

.bss.xIdleTaskTCB.3
                0x2000f5b4       0x5c
 .bss.xIdleTaskTCB.3
                0x2000f5b4       0x5c ./output/main.o

.bss.uxIdleTaskStack.2
                0x2000f610      0x140
 .bss.uxIdleTaskStack.2
                0x2000f610      0x140 ./output/main.o

.bss.xTimerTaskTCB.1
                0x2000f750       0x5c
 .bss.xTimerTaskTCB.1
                0x2000f750       0x5c ./output/main.o

.bss.uxTimerTaskStack.0
                0x2000f7ac      0x280
 .bss.uxTimerTaskStack.0
                0x2000f7ac      0x280 ./output/main.o

.bss.r0         0x2000fa2c        0x4
 .bss.r0        0x2000fa2c        0x4 ./output/startup_gcc.o
                0x2000fa2c                r0

.bss.r1         0x2000fa30        0x4
 .bss.r1        0x2000fa30        0x4 ./output/startup_gcc.o
                0x2000fa30                r1

.bss.r2         0x2000fa34        0x4
 .bss.r2        0x2000fa34        0x4 ./output/startup_gcc.o
                0x2000fa34                r2

.bss.r3         0x2000fa38        0x4
 .bss.r3        0x2000fa38        0x4 ./output/startup_gcc.o
                0x2000fa38                r3

.bss.r12        0x2000fa3c        0x4
 .bss.r12       0x2000fa3c        0x4 ./output/startup_gcc.o
                0x2000fa3c                r12

.bss.lr         0x2000fa40        0x4
 .bss.lr        0x2000fa40        0x4 ./output/startup_gcc.o
                0x2000fa40                lr

.bss.pc         0x2000fa44        0x4
 .bss.pc        0x2000fa44        0x4 ./output/startup_gcc.o
                0x2000fa44                pc

.bss.psr        0x2000fa48        0x4
 .bss.psr       0x2000fa48        0x4 ./output/startup_gcc.o
                0x2000fa48                psr

.bss.__sf       0x2000fa4c      0x138
 .bss.__sf      0x2000fa4c      0x138 /Applications/ArmGNUToolchain/13.2.Rel1/arm-none-eabi/bin/../lib/gcc/arm-none-eabi/13.2.1/../../../../arm-none-eabi/lib/thumb/v7-m/nofp/libg_nano.a(libc_a-findfp.o)
                0x2000fa4c                __sf

.bss.__stdio_exit_handler
                0x2000fb84        0x4
 .bss.__stdio_exit_handler
                0x2000fb84        0x4 /Applications/ArmGNUToolchain/13.2.Rel1/arm-none-eabi/bin/../lib/gcc/arm-none-eabi/13.2.1/../../../../arm-none-eabi/lib/thumb/v7-m/nofp/libg_nano.a(libc_a-findfp.o)
                0x2000fb84                __stdio_exit_handler

.bss.__lock___malloc_recursive_mutex
                0x2000fb88        0x1
 .bss.__lock___malloc_recursive_mutex
                0x2000fb88        0x1 /Applications/ArmGNUToolchain/13.2.Rel1/arm-none-eabi/bin/../lib/gcc/arm-none-eabi/13.2.1/../../../../arm-none-eabi/lib/thumb/v7-m/nofp/libg_nano.a(libc_a-lock.o)
                0x2000fb88                __lock___malloc_recursive_mutex

.bss.__lock___sfp_recursive_mutex
                0x2000fb89        0x1
 .bss.__lock___sfp_recursive_mutex
                0x2000fb89        0x1 /Applications/ArmGNUToolchain/13.2.Rel1/arm-none-eabi/bin/../lib/gcc/arm-none-eabi/13.2.1/../../../../arm-none-eabi/lib/thumb/v7-m/nofp/libg_nano.a(libc_a-lock.o)
                0x2000fb89                __lock___sfp_recursive_mutex

.bss.__malloc_free_list
                0x2000fb8c        0x4
 .bss.__malloc_free_list
                0x2000fb8c        0x4 /Applications/ArmGNUToolchain/13.2.Rel1/arm-none-eabi/bin/../lib/gcc/arm-none-eabi/13.2.1/../../../../arm-none-eabi/lib/thumb/v7-m/nofp/libg_nano.a(libc_a-mallocr.o)
                0x2000fb8c                __malloc_free_list

.bss.errno      0x2000fb90        0x4
 .bss.errno     0x2000fb90        0x4 /Applications/ArmGNUToolchain/13.2.Rel1/arm-none-eabi/bin/../lib/gcc/arm-none-eabi/13.2.1/../../../../arm-none-eabi/lib/thumb/v7-m/nofp/libg_nano.a(libc_a-reent.o)
                0x2000fb90                errno

.bss.openfiles  0x2000fb94       0xa0
 .bss.openfiles
                0x2000fb94       0xa0 /Applications/ArmGNUToolchain/13.2.Rel1/arm-none-eabi/bin/../lib/gcc/arm-none-eabi/13.2.1/../../../../arm-none-eabi/lib/thumb/v7-m/nofp/librdimon_nano.a(arm_librdimon_a-syscalls.o)

.heap           0x2000fc34      0x40c
                0x2000fc38                        . = ALIGN (0x8)
 *fill*         0x2000fc34        0x4 
                0x2000fc38                        PROVIDE (end = .)
                [!provide]                        PROVIDE (_end = .)
                0x2000fc38                        _heap_bottom = .
                0x2000fc40                        . = (. + _Min_Heap_Size)
 *fill*         0x2000fc38        0x8 
                0x2000fc40                        _heap_top = .
                0x20010040                        . = (. + _Min_Stack_Size)
 *fill*         0x2000fc40      0x400 
                0x20010040                        . = ALIGN (0x8)
                0x20400000                        __StackTop = (ORIGIN (RAM) + LENGTH (RAM))
                0x203ffc00                        __StackLimit = (__StackTop - _Min_Stack_Size)
                [!provide]                        PROVIDE (__stack = __StackTop)
                0x00000001                        ASSERT ((__StackLimit >= _heap_top), region RAM overflowed with stack)
START GROUP
LOAD /Applications/ArmGNUToolchain/13.2.Rel1/arm-none-eabi/bin/../lib/gcc/arm-none-eabi/13.2.1/thumb/v7-m/nofp/libgcc.a
LOAD /Applications/ArmGNUToolchain/13.2.Rel1/arm-none-eabi/bin/../lib/gcc/arm-none-eabi/13.2.1/../../../../arm-none-eabi/lib/thumb/v7-m/nofp/libg_nano.a
LOAD /Applications/ArmGNUToolchain/13.2.Rel1/arm-none-eabi/bin/../lib/gcc/arm-none-eabi/13.2.1/../../../../arm-none-eabi/lib/thumb/v7-m/nofp/libc_nano.a
END GROUP
START GROUP
LOAD /Applications/ArmGNUToolchain/13.2.Rel1/arm-none-eabi/bin/../lib/gcc/arm-none-eabi/13.2.1/thumb/v7-m/nofp/libgcc.a
LOAD /Applications/ArmGNUToolchain/13.2.Rel1/arm-none-eabi/bin/../lib/gcc/arm-none-eabi/13.2.1/../../../../arm-none-eabi/lib/thumb/v7-m/nofp/libc_nano.a
LOAD /Applications/ArmGNUToolchain/13.2.Rel1/arm-none-eabi/bin/../lib/gcc/arm-none-eabi/13.2.1/../../../../arm-none-eabi/lib/thumb/v7-m/nofp/librdimon_nano.a
LOAD /Applications/ArmGNUToolchain/13.2.Rel1/arm-none-eabi/bin/../lib/gcc/arm-none-eabi/13.2.1/../../../../arm-none-eabi/lib/thumb/v7-m/nofp/libnosys.a
END GROUP
START GROUP
LOAD /Applications/ArmGNUToolchain/13.2.Rel1/arm-none-eabi/bin/../lib/gcc/arm-none-eabi/13.2.1/thumb/v7-m/nofp/libgcc.a
LOAD /Applications/ArmGNUToolchain/13.2.Rel1/arm-none-eabi/bin/../lib/gcc/arm-none-eabi/13.2.1/../../../../arm-none-eabi/lib/thumb/v7-m/nofp/libc_nano.a
LOAD /Applications/ArmGNUToolchain/13.2.Rel1/arm-none-eabi/bin/../lib/gcc/arm-none-eabi/13.2.1/../../../../arm-none-eabi/lib/thumb/v7-m/nofp/libnosys.a
END GROUP
START GROUP
LOAD /Applications/ArmGNUToolchain/13.2.Rel1/arm-none-eabi/bin/../lib/gcc/arm-none-eabi/13.2.1/thumb/v7-m/nofp/libgcc.a
LOAD /Applications/ArmGNUToolchain/13.2.Rel1/arm-none-eabi/bin/../lib/gcc/arm-none-eabi/13.2.1/../../../../arm-none-eabi/lib/thumb/v7-m/nofp/libc_nano.a
LOAD /Applications/ArmGNUToolchain/13.2.Rel1/arm-none-eabi/bin/../lib/gcc/arm-none-eabi/13.2.1/../../../../arm-none-eabi/lib/thumb/v7-m/nofp/librdimon_nano.a
END GROUP
OUTPUT(./output/RTOSDemo.out elf32-littlearm)
LOAD linker stubs

.debug_info     0x00000000     0x7e54
 .debug_info    0x00000000     0x24c6 ./output/tasks.o
 .debug_info    0x000024c6      0x2a3 ./output/list.o
 .debug_info    0x00002769     0x191f ./output/queue.o
 .debug_info    0x00004088     0x1314 ./output/timers.o
 .debug_info    0x0000539c      0x4b3 ./output/heap_4.o
 .debug_info    0x0000584f      0x41e ./output/port.o
 .debug_info    0x00005c6d      0xaca ./output/IntQueue.o
 .debug_info    0x00006737      0x583 ./output/IntQueueTimer.o
 .debug_info    0x00006cba      0x50c ./output/main.o
 .debug_info    0x000071c6      0x88b ./output/startup_gcc.o
 .debug_info    0x00007a51      0x403 ./output/printf-stdarg.o

.debug_abbrev   0x00000000     0x197d
 .debug_abbrev  0x00000000      0x3b8 ./output/tasks.o
 .debug_abbrev  0x000003b8       0xf5 ./output/list.o
 .debug_abbrev  0x000004ad      0x360 ./output/queue.o
 .debug_abbrev  0x0000080d      0x2e2 ./output/timers.o
 .debug_abbrev  0x00000aef      0x21d ./output/heap_4.o
 .debug_abbrev  0x00000d0c      0x254 ./output/port.o
 .debug_abbrev  0x00000f60      0x286 ./output/IntQueue.o
 .debug_abbrev  0x000011e6      0x1d7 ./output/IntQueueTimer.o
 .debug_abbrev  0x000013bd      0x1e5 ./output/main.o
 .debug_abbrev  0x000015a2      0x270 ./output/startup_gcc.o
 .debug_abbrev  0x00001812      0x16b ./output/printf-stdarg.o

.debug_aranges  0x00000000      0x798
 .debug_aranges
                0x00000000      0x238 ./output/tasks.o
 .debug_aranges
                0x00000238       0x40 ./output/list.o
 .debug_aranges
                0x00000278      0x188 ./output/queue.o
 .debug_aranges
                0x00000400      0x100 ./output/timers.o
 .debug_aranges
                0x00000500       0x60 ./output/heap_4.o
 .debug_aranges
                0x00000560       0x78 ./output/port.o
 .debug_aranges
                0x000005d8       0x78 ./output/IntQueue.o
 .debug_aranges
                0x00000650       0x40 ./output/IntQueueTimer.o
 .debug_aranges
                0x00000690       0x78 ./output/main.o
 .debug_aranges
                0x00000708       0x38 ./output/startup_gcc.o
 .debug_aranges
                0x00000740       0x58 ./output/printf-stdarg.o

.debug_rnglists
                0x00000000      0x5c7
 .debug_rnglists
                0x00000000      0x1c9 ./output/tasks.o
 .debug_rnglists
                0x000001c9       0x2b ./output/list.o
 .debug_rnglists
                0x000001f4      0x130 ./output/queue.o
 .debug_rnglists
                0x00000324       0xc1 ./output/timers.o
 .debug_rnglists
                0x000003e5       0x48 ./output/heap_4.o
 .debug_rnglists
                0x0000042d       0x56 ./output/port.o
 .debug_rnglists
                0x00000483       0x5e ./output/IntQueue.o
 .debug_rnglists
                0x000004e1       0x2b ./output/IntQueueTimer.o
 .debug_rnglists
                0x0000050c       0x55 ./output/main.o
 .debug_rnglists
                0x00000561       0x26 ./output/startup_gcc.o
 .debug_rnglists
                0x00000587       0x40 ./output/printf-stdarg.o

.debug_macro    0x00000000     0x6475
 .debug_macro   0x00000000      0x292 ./output/tasks.o
 .debug_macro   0x00000292      0xaba ./output/tasks.o
 .debug_macro   0x00000d4c       0x24 ./output/tasks.o
 .debug_macro   0x00000d70       0x22 ./output/tasks.o
 .debug_macro   0x00000d92       0x75 ./output/tasks.o
 .debug_macro   0x00000e07       0x94 ./output/tasks.o
 .debug_macro   0x00000e9b       0x3c ./output/tasks.o
 .debug_macro   0x00000ed7       0x34 ./output/tasks.o
 .debug_macro   0x00000f0b       0x16 ./output/tasks.o
 .debug_macro   0x00000f21      0x11c ./output/tasks.o
 .debug_macro   0x0000103d       0x9b ./output/tasks.o
 .debug_macro   0x000010d8       0x57 ./output/tasks.o
 .debug_macro   0x0000112f      0x370 ./output/tasks.o
 .debug_macro   0x0000149f       0x16 ./output/tasks.o
 .debug_macro   0x000014b5       0x4a ./output/tasks.o
 .debug_macro   0x000014ff       0x34 ./output/tasks.o
 .debug_macro   0x00001533       0x10 ./output/tasks.o
 .debug_macro   0x00001543       0x58 ./output/tasks.o
 .debug_macro   0x0000159b      0x1de ./output/tasks.o
 .debug_macro   0x00001779       0x16 ./output/tasks.o
 .debug_macro   0x0000178f       0x29 ./output/tasks.o
 .debug_macro   0x000017b8       0x16 ./output/tasks.o
 .debug_macro   0x000017ce       0x3c ./output/tasks.o
 .debug_macro   0x0000180a      0x34e ./output/tasks.o
 .debug_macro   0x00001b58       0x16 ./output/tasks.o
 .debug_macro   0x00001b6e      0x15c ./output/tasks.o
 .debug_macro   0x00001cca       0x1c ./output/tasks.o
 .debug_macro   0x00001ce6      0x182 ./output/tasks.o
 .debug_macro   0x00001e68       0xe7 ./output/tasks.o
 .debug_macro   0x00001f4f       0x28 ./output/tasks.o
 .debug_macro   0x00001f77       0x1f ./output/tasks.o
 .debug_macro   0x00001f96       0x12 ./output/tasks.o
 .debug_macro   0x00001fa8     0x1047 ./output/tasks.o
 .debug_macro   0x00002fef       0xc3 ./output/tasks.o
 .debug_macro   0x000030b2      0x14f ./output/tasks.o
 .debug_macro   0x00003201       0x98 ./output/tasks.o
 .debug_macro   0x00003299       0x16 ./output/tasks.o
 .debug_macro   0x000032af      0x17b ./output/list.o
 .debug_macro   0x0000342a      0x20d ./output/queue.o
 .debug_macro   0x00003637       0x8e ./output/queue.o
 .debug_macro   0x000036c5      0x1ca ./output/timers.o
 .debug_macro   0x0000388f       0x9e ./output/timers.o
 .debug_macro   0x0000392d      0x20b ./output/heap_4.o
 .debug_macro   0x00003b38      0x16c ./output/port.o
 .debug_macro   0x00003ca4      0x204 ./output/IntQueue.o
 .debug_macro   0x00003ea8      0x106 ./output/IntQueueTimer.o
 .debug_macro   0x00003fae       0x22 ./output/IntQueueTimer.o
 .debug_macro   0x00003fd0       0x1c ./output/IntQueueTimer.o
 .debug_macro   0x00003fec       0x22 ./output/IntQueueTimer.o
 .debug_macro   0x0000400e       0xd6 ./output/IntQueueTimer.o
 .debug_macro   0x000040e4      0xe2d ./output/IntQueueTimer.o
 .debug_macro   0x00004f11      0x11f ./output/IntQueueTimer.o
 .debug_macro   0x00005030      0x7b3 ./output/IntQueueTimer.o
 .debug_macro   0x000057e3      0x4a6 ./output/IntQueueTimer.o
 .debug_macro   0x00005c89      0x211 ./output/main.o
 .debug_macro   0x00005e9a       0xa8 ./output/main.o
 .debug_macro   0x00005f42       0x16 ./output/main.o
 .debug_macro   0x00005f58       0x10 ./output/main.o
 .debug_macro   0x00005f68       0x16 ./output/main.o
 .debug_macro   0x00005f7e       0x16 ./output/main.o
 .debug_macro   0x00005f94      0x170 ./output/main.o
 .debug_macro   0x00006104      0x12b ./output/startup_gcc.o
 .debug_macro   0x0000622f       0x9e ./output/startup_gcc.o
 .debug_macro   0x000062cd      0x112 ./output/startup_gcc.o
 .debug_macro   0x000063df       0x3e ./output/printf-stdarg.o
 .debug_macro   0x0000641d       0x58 ./output/printf-stdarg.o

.debug_line     0x00000000     0x61a5
 .debug_line    0x00000000     0x1a71 ./output/tasks.o
 .debug_line    0x00001a71      0x48c ./output/list.o
 .debug_line    0x00001efd     0x1464 ./output/queue.o
 .debug_line    0x00003361      0xa4c ./output/timers.o
 .debug_line    0x00003dad      0x78f ./output/heap_4.o
 .debug_line    0x0000453c      0x44a ./output/port.o
 .debug_line    0x00004986      0x931 ./output/IntQueue.o
 .debug_line    0x000052b7      0x33b ./output/IntQueueTimer.o
 .debug_line    0x000055f2      0x4c4 ./output/main.o
 .debug_line    0x00005ab6      0x2dc ./output/startup_gcc.o
 .debug_line    0x00005d92      0x413 ./output/printf-stdarg.o

.debug_str      0x00000000    0x23c98
 .debug_str     0x00000000    0x23c98 ./output/tasks.o
                              0x13b32 (size before relaxing)
 .debug_str     0x00023c98    0x10086 ./output/list.o
 .debug_str     0x00023c98    0x12d45 ./output/queue.o
 .debug_str     0x00023c98    0x130af ./output/timers.o
 .debug_str     0x00023c98    0x11b82 ./output/heap_4.o
 .debug_str     0x00023c98     0xed3d ./output/port.o
 .debug_str     0x00023c98    0x12863 ./output/IntQueue.o
 .debug_str     0x00023c98    0x1796d ./output/IntQueueTimer.o
 .debug_str     0x00023c98    0x13177 ./output/main.o
 .debug_str     0x00023c98     0x75eb ./output/startup_gcc.o
 .debug_str     0x00023c98     0x3083 ./output/printf-stdarg.o

.comment        0x00000000       0x44
 .comment       0x00000000       0x44 ./output/tasks.o
                                 0x45 (size before relaxing)
 .comment       0x00000044       0x45 ./output/list.o
 .comment       0x00000044       0x45 ./output/queue.o
 .comment       0x00000044       0x45 ./output/timers.o
 .comment       0x00000044       0x45 ./output/heap_4.o
 .comment       0x00000044       0x45 ./output/port.o
 .comment       0x00000044       0x45 ./output/IntQueue.o
 .comment       0x00000044       0x45 ./output/IntQueueTimer.o
 .comment       0x00000044       0x45 ./output/main.o
 .comment       0x00000044       0x45 ./output/startup_gcc.o
 .comment       0x00000044       0x45 ./output/printf-stdarg.o

.ARM.attributes
                0x00000000       0x2b
 .ARM.attributes
                0x00000000       0x2d ./output/tasks.o
 .ARM.attributes
                0x0000002d       0x2d ./output/list.o
 .ARM.attributes
                0x0000005a       0x2d ./output/queue.o
 .ARM.attributes
                0x00000087       0x2d ./output/timers.o
 .ARM.attributes
                0x000000b4       0x2d ./output/heap_4.o
 .ARM.attributes
                0x000000e1       0x2d ./output/port.o
 .ARM.attributes
                0x0000010e       0x2d ./output/IntQueue.o
 .ARM.attributes
                0x0000013b       0x2d ./output/IntQueueTimer.o
 .ARM.attributes
                0x00000168       0x2d ./output/main.o
 .ARM.attributes
                0x00000195       0x2d ./output/startup_gcc.o
 .ARM.attributes
                0x000001c2       0x2d ./output/printf-stdarg.o
 .ARM.attributes
                0x000001ef       0x2d /Applications/ArmGNUToolchain/13.2.Rel1/arm-none-eabi/bin/../lib/gcc/arm-none-eabi/13.2.1/../../../../arm-none-eabi/lib/thumb/v7-m/nofp/libg_nano.a(libc_a-fflush.o)
 .ARM.attributes
                0x0000021c       0x2d /Applications/ArmGNUToolchain/13.2.Rel1/arm-none-eabi/bin/../lib/gcc/arm-none-eabi/13.2.1/../../../../arm-none-eabi/lib/thumb/v7-m/nofp/libg_nano.a(libc_a-findfp.o)
 .ARM.attributes
                0x00000249       0x2d /Applications/ArmGNUToolchain/13.2.Rel1/arm-none-eabi/bin/../lib/gcc/arm-none-eabi/13.2.1/../../../../arm-none-eabi/lib/thumb/v7-m/nofp/libg_nano.a(libc_a-fwalk.o)
 .ARM.attributes
                0x00000276       0x2d /Applications/ArmGNUToolchain/13.2.Rel1/arm-none-eabi/bin/../lib/gcc/arm-none-eabi/13.2.1/../../../../arm-none-eabi/lib/thumb/v7-m/nofp/libg_nano.a(libc_a-memset.o)
 .ARM.attributes
                0x000002a3       0x2d /Applications/ArmGNUToolchain/13.2.Rel1/arm-none-eabi/bin/../lib/gcc/arm-none-eabi/13.2.1/../../../../arm-none-eabi/lib/thumb/v7-m/nofp/libg_nano.a(libc_a-impure.o)
 .ARM.attributes
                0x000002d0       0x2d /Applications/ArmGNUToolchain/13.2.Rel1/arm-none-eabi/bin/../lib/gcc/arm-none-eabi/13.2.1/../../../../arm-none-eabi/lib/thumb/v7-m/nofp/libg_nano.a(libc_a-lock.o)
 .ARM.attributes
                0x000002fd       0x2d /Applications/ArmGNUToolchain/13.2.Rel1/arm-none-eabi/bin/../lib/gcc/arm-none-eabi/13.2.1/../../../../arm-none-eabi/lib/thumb/v7-m/nofp/libg_nano.a(libc_a-memcpy-stub.o)
 .ARM.attributes
                0x0000032a       0x2d /Applications/ArmGNUToolchain/13.2.Rel1/arm-none-eabi/bin/../lib/gcc/arm-none-eabi/13.2.1/../../../../arm-none-eabi/lib/thumb/v7-m/nofp/libg_nano.a(libc_a-freer.o)
 .ARM.attributes
                0x00000357       0x2d /Applications/ArmGNUToolchain/13.2.Rel1/arm-none-eabi/bin/../lib/gcc/arm-none-eabi/13.2.1/../../../../arm-none-eabi/lib/thumb/v7-m/nofp/libg_nano.a(libc_a-mallocr.o)
 .ARM.attributes
                0x00000384       0x2d /Applications/ArmGNUToolchain/13.2.Rel1/arm-none-eabi/bin/../lib/gcc/arm-none-eabi/13.2.1/../../../../arm-none-eabi/lib/thumb/v7-m/nofp/libg_nano.a(libc_a-mlock.o)
 .ARM.attributes
                0x000003b1       0x2d /Applications/ArmGNUToolchain/13.2.Rel1/arm-none-eabi/bin/../lib/gcc/arm-none-eabi/13.2.1/../../../../arm-none-eabi/lib/thumb/v7-m/nofp/libg_nano.a(libc_a-stdio.o)
 .ARM.attributes
                0x000003de       0x2d /Applications/ArmGNUToolchain/13.2.Rel1/arm-none-eabi/bin/../lib/gcc/arm-none-eabi/13.2.1/../../../../arm-none-eabi/lib/thumb/v7-m/nofp/libg_nano.a(libc_a-closer.o)
 .ARM.attributes
                0x0000040b       0x2d /Applications/ArmGNUToolchain/13.2.Rel1/arm-none-eabi/bin/../lib/gcc/arm-none-eabi/13.2.1/../../../../arm-none-eabi/lib/thumb/v7-m/nofp/libg_nano.a(libc_a-reent.o)
 .ARM.attributes
                0x00000438       0x2d /Applications/ArmGNUToolchain/13.2.Rel1/arm-none-eabi/bin/../lib/gcc/arm-none-eabi/13.2.1/../../../../arm-none-eabi/lib/thumb/v7-m/nofp/libg_nano.a(libc_a-lseekr.o)
 .ARM.attributes
                0x00000465       0x2d /Applications/ArmGNUToolchain/13.2.Rel1/arm-none-eabi/bin/../lib/gcc/arm-none-eabi/13.2.1/../../../../arm-none-eabi/lib/thumb/v7-m/nofp/libg_nano.a(libc_a-readr.o)
 .ARM.attributes
                0x00000492       0x2d /Applications/ArmGNUToolchain/13.2.Rel1/arm-none-eabi/bin/../lib/gcc/arm-none-eabi/13.2.1/../../../../arm-none-eabi/lib/thumb/v7-m/nofp/libg_nano.a(libc_a-writer.o)
 .ARM.attributes
                0x000004bf       0x2d /Applications/ArmGNUToolchain/13.2.Rel1/arm-none-eabi/bin/../lib/gcc/arm-none-eabi/13.2.1/../../../../arm-none-eabi/lib/thumb/v7-m/nofp/librdimon_nano.a(arm_librdimon_a-syscalls.o)
 .ARM.attributes
                0x000004ec       0x2d /Applications/ArmGNUToolchain/13.2.Rel1/arm-none-eabi/bin/../lib/gcc/arm-none-eabi/13.2.1/../../../../arm-none-eabi/lib/thumb/v7-m/nofp/libc_nano.a(libc_a-errno.o)

.debug_frame    0x00000000     0x26cc
 .debug_frame   0x00000000      0x9b0 ./output/tasks.o
 .debug_frame   0x000009b0       0xd8 ./output/list.o
 .debug_frame   0x00000a88      0x6a4 ./output/queue.o
 .debug_frame   0x0000112c      0x41c ./output/timers.o
 .debug_frame   0x00001548      0x14c ./output/heap_4.o
 .debug_frame   0x00001694      0x17c ./output/port.o
 .debug_frame   0x00001810      0x1ac ./output/IntQueue.o
 .debug_frame   0x000019bc       0xb4 ./output/IntQueueTimer.o
 .debug_frame   0x00001a70      0x1ac ./output/main.o
 .debug_frame   0x00001c1c       0x6c ./output/startup_gcc.o
 .debug_frame   0x00001c88      0x194 ./output/printf-stdarg.o
 .debug_frame   0x00001e1c       0x5c /Applications/ArmGNUToolchain/13.2.Rel1/arm-none-eabi/bin/../lib/gcc/arm-none-eabi/13.2.1/../../../../arm-none-eabi/lib/thumb/v7-m/nofp/libg_nano.a(libc_a-fflush.o)
 .debug_frame   0x00001e78      0x144 /Applications/ArmGNUToolchain/13.2.Rel1/arm-none-eabi/bin/../lib/gcc/arm-none-eabi/13.2.1/../../../../arm-none-eabi/lib/thumb/v7-m/nofp/libg_nano.a(libc_a-findfp.o)
 .debug_frame   0x00001fbc       0x34 /Applications/ArmGNUToolchain/13.2.Rel1/arm-none-eabi/bin/../lib/gcc/arm-none-eabi/13.2.1/../../../../arm-none-eabi/lib/thumb/v7-m/nofp/libg_nano.a(libc_a-fwalk.o)
 .debug_frame   0x00001ff0       0x20 /Applications/ArmGNUToolchain/13.2.Rel1/arm-none-eabi/bin/../lib/gcc/arm-none-eabi/13.2.1/../../../../arm-none-eabi/lib/thumb/v7-m/nofp/libg_nano.a(libc_a-memset.o)
 .debug_frame   0x00002010       0xb0 /Applications/ArmGNUToolchain/13.2.Rel1/arm-none-eabi/bin/../lib/gcc/arm-none-eabi/13.2.1/../../../../arm-none-eabi/lib/thumb/v7-m/nofp/libg_nano.a(libc_a-lock.o)
 .debug_frame   0x000020c0       0x28 /Applications/ArmGNUToolchain/13.2.Rel1/arm-none-eabi/bin/../lib/gcc/arm-none-eabi/13.2.1/../../../../arm-none-eabi/lib/thumb/v7-m/nofp/libg_nano.a(libc_a-memcpy-stub.o)
 .debug_frame   0x000020e8       0x38 /Applications/ArmGNUToolchain/13.2.Rel1/arm-none-eabi/bin/../lib/gcc/arm-none-eabi/13.2.1/../../../../arm-none-eabi/lib/thumb/v7-m/nofp/libg_nano.a(libc_a-freer.o)
 .debug_frame   0x00002120       0x50 /Applications/ArmGNUToolchain/13.2.Rel1/arm-none-eabi/bin/../lib/gcc/arm-none-eabi/13.2.1/../../../../arm-none-eabi/lib/thumb/v7-m/nofp/libg_nano.a(libc_a-mallocr.o)
 .debug_frame   0x00002170       0x30 /Applications/ArmGNUToolchain/13.2.Rel1/arm-none-eabi/bin/../lib/gcc/arm-none-eabi/13.2.1/../../../../arm-none-eabi/lib/thumb/v7-m/nofp/libg_nano.a(libc_a-mlock.o)
 .debug_frame   0x000021a0       0x88 /Applications/ArmGNUToolchain/13.2.Rel1/arm-none-eabi/bin/../lib/gcc/arm-none-eabi/13.2.1/../../../../arm-none-eabi/lib/thumb/v7-m/nofp/libg_nano.a(libc_a-stdio.o)
 .debug_frame   0x00002228       0x2c /Applications/ArmGNUToolchain/13.2.Rel1/arm-none-eabi/bin/../lib/gcc/arm-none-eabi/13.2.1/../../../../arm-none-eabi/lib/thumb/v7-m/nofp/libg_nano.a(libc_a-closer.o)
 .debug_frame   0x00002254       0x38 /Applications/ArmGNUToolchain/13.2.Rel1/arm-none-eabi/bin/../lib/gcc/arm-none-eabi/13.2.1/../../../../arm-none-eabi/lib/thumb/v7-m/nofp/libg_nano.a(libc_a-reent.o)
 .debug_frame   0x0000228c       0x2c /Applications/ArmGNUToolchain/13.2.Rel1/arm-none-eabi/bin/../lib/gcc/arm-none-eabi/13.2.1/../../../../arm-none-eabi/lib/thumb/v7-m/nofp/libg_nano.a(libc_a-lseekr.o)
 .debug_frame   0x000022b8       0x2c /Applications/ArmGNUToolchain/13.2.Rel1/arm-none-eabi/bin/../lib/gcc/arm-none-eabi/13.2.1/../../../../arm-none-eabi/lib/thumb/v7-m/nofp/libg_nano.a(libc_a-readr.o)
 .debug_frame   0x000022e4       0x2c /Applications/ArmGNUToolchain/13.2.Rel1/arm-none-eabi/bin/../lib/gcc/arm-none-eabi/13.2.1/../../../../arm-none-eabi/lib/thumb/v7-m/nofp/libg_nano.a(libc_a-writer.o)
 .debug_frame   0x00002310      0x39c /Applications/ArmGNUToolchain/13.2.Rel1/arm-none-eabi/bin/../lib/gcc/arm-none-eabi/13.2.1/../../../../arm-none-eabi/lib/thumb/v7-m/nofp/librdimon_nano.a(arm_librdimon_a-syscalls.o)
 .debug_frame   0x000026ac       0x20 /Applications/ArmGNUToolchain/13.2.Rel1/arm-none-eabi/bin/../lib/gcc/arm-none-eabi/13.2.1/../../../../arm-none-eabi/lib/thumb/v7-m/nofp/libc_nano.a(libc_a-errno.o)
