Archive member included to satisfy reference by file (symbol)

/usr/share/gcc-arm-none-eabi-10.3-2021.10/bin/../lib/gcc/arm-none-eabi/10.3.1/../../../../arm-none-eabi/lib/thumb/v7-m/nofp/libg_nano.a(lib_a-fflush.o)
                              ./output/startup_gcc.o (fflush)
/usr/share/gcc-arm-none-eabi-10.3-2021.10/bin/../lib/gcc/arm-none-eabi/10.3.1/../../../../arm-none-eabi/lib/thumb/v7-m/nofp/libg_nano.a(lib_a-findfp.o)
                              /usr/share/gcc-arm-none-eabi-10.3-2021.10/bin/../lib/gcc/arm-none-eabi/10.3.1/../../../../arm-none-eabi/lib/thumb/v7-m/nofp/libg_nano.a(lib_a-fflush.o) (__sinit)
/usr/share/gcc-arm-none-eabi-10.3-2021.10/bin/../lib/gcc/arm-none-eabi/10.3.1/../../../../arm-none-eabi/lib/thumb/v7-m/nofp/libg_nano.a(lib_a-fwalk.o)
                              /usr/share/gcc-arm-none-eabi-10.3-2021.10/bin/../lib/gcc/arm-none-eabi/10.3.1/../../../../arm-none-eabi/lib/thumb/v7-m/nofp/libg_nano.a(lib_a-findfp.o) (_fwalk)
/usr/share/gcc-arm-none-eabi-10.3-2021.10/bin/../lib/gcc/arm-none-eabi/10.3.1/../../../../arm-none-eabi/lib/thumb/v7-m/nofp/libg_nano.a(lib_a-impure.o)
                              /usr/share/gcc-arm-none-eabi-10.3-2021.10/bin/../lib/gcc/arm-none-eabi/10.3.1/../../../../arm-none-eabi/lib/thumb/v7-m/nofp/libg_nano.a(lib_a-fflush.o) (_global_impure_ptr)
/usr/share/gcc-arm-none-eabi-10.3-2021.10/bin/../lib/gcc/arm-none-eabi/10.3.1/../../../../arm-none-eabi/lib/thumb/v7-m/nofp/libg_nano.a(lib_a-lock.o)
                              /usr/share/gcc-arm-none-eabi-10.3-2021.10/bin/../lib/gcc/arm-none-eabi/10.3.1/../../../../arm-none-eabi/lib/thumb/v7-m/nofp/libg_nano.a(lib_a-findfp.o) (__retarget_lock_init_recursive)
/usr/share/gcc-arm-none-eabi-10.3-2021.10/bin/../lib/gcc/arm-none-eabi/10.3.1/../../../../arm-none-eabi/lib/thumb/v7-m/nofp/libg_nano.a(lib_a-memcmp.o)
                              ./output/MessageBufferDemo.o (memcmp)
/usr/share/gcc-arm-none-eabi-10.3-2021.10/bin/../lib/gcc/arm-none-eabi/10.3.1/../../../../arm-none-eabi/lib/thumb/v7-m/nofp/libg_nano.a(lib_a-memcpy-stub.o)
                              ./output/queue.o (memcpy)
/usr/share/gcc-arm-none-eabi-10.3-2021.10/bin/../lib/gcc/arm-none-eabi/10.3.1/../../../../arm-none-eabi/lib/thumb/v7-m/nofp/libg_nano.a(lib_a-memset.o)
                              ./output/tasks.o (memset)
/usr/share/gcc-arm-none-eabi-10.3-2021.10/bin/../lib/gcc/arm-none-eabi/10.3.1/../../../../arm-none-eabi/lib/thumb/v7-m/nofp/libg_nano.a(lib_a-nano-freer.o)
                              /usr/share/gcc-arm-none-eabi-10.3-2021.10/bin/../lib/gcc/arm-none-eabi/10.3.1/../../../../arm-none-eabi/lib/thumb/v7-m/nofp/libg_nano.a(lib_a-fflush.o) (_free_r)
/usr/share/gcc-arm-none-eabi-10.3-2021.10/bin/../lib/gcc/arm-none-eabi/10.3.1/../../../../arm-none-eabi/lib/thumb/v7-m/nofp/libg_nano.a(lib_a-nano-mallocr.o)
                              /usr/share/gcc-arm-none-eabi-10.3-2021.10/bin/../lib/gcc/arm-none-eabi/10.3.1/../../../../arm-none-eabi/lib/thumb/v7-m/nofp/libg_nano.a(lib_a-findfp.o) (_malloc_r)
/usr/share/gcc-arm-none-eabi-10.3-2021.10/bin/../lib/gcc/arm-none-eabi/10.3.1/../../../../arm-none-eabi/lib/thumb/v7-m/nofp/libg_nano.a(lib_a-sbrkr.o)
                              /usr/share/gcc-arm-none-eabi-10.3-2021.10/bin/../lib/gcc/arm-none-eabi/10.3.1/../../../../arm-none-eabi/lib/thumb/v7-m/nofp/libg_nano.a(lib_a-nano-mallocr.o) (_sbrk_r)
/usr/share/gcc-arm-none-eabi-10.3-2021.10/bin/../lib/gcc/arm-none-eabi/10.3.1/../../../../arm-none-eabi/lib/thumb/v7-m/nofp/libg_nano.a(lib_a-stdio.o)
                              /usr/share/gcc-arm-none-eabi-10.3-2021.10/bin/../lib/gcc/arm-none-eabi/10.3.1/../../../../arm-none-eabi/lib/thumb/v7-m/nofp/libg_nano.a(lib_a-findfp.o) (__sread)
/usr/share/gcc-arm-none-eabi-10.3-2021.10/bin/../lib/gcc/arm-none-eabi/10.3.1/../../../../arm-none-eabi/lib/thumb/v7-m/nofp/libg_nano.a(lib_a-strcmp.o)
                              ./output/MessageBufferAMP.o (strcmp)
/usr/share/gcc-arm-none-eabi-10.3-2021.10/bin/../lib/gcc/arm-none-eabi/10.3.1/../../../../arm-none-eabi/lib/thumb/v7-m/nofp/libg_nano.a(lib_a-strlen.o)
                              ./output/tasks.o (strlen)
/usr/share/gcc-arm-none-eabi-10.3-2021.10/bin/../lib/gcc/arm-none-eabi/10.3.1/../../../../arm-none-eabi/lib/thumb/v7-m/nofp/libg_nano.a(lib_a-writer.o)
                              /usr/share/gcc-arm-none-eabi-10.3-2021.10/bin/../lib/gcc/arm-none-eabi/10.3.1/../../../../arm-none-eabi/lib/thumb/v7-m/nofp/libg_nano.a(lib_a-stdio.o) (_write_r)
/usr/share/gcc-arm-none-eabi-10.3-2021.10/bin/../lib/gcc/arm-none-eabi/10.3.1/../../../../arm-none-eabi/lib/thumb/v7-m/nofp/libg_nano.a(lib_a-closer.o)
                              /usr/share/gcc-arm-none-eabi-10.3-2021.10/bin/../lib/gcc/arm-none-eabi/10.3.1/../../../../arm-none-eabi/lib/thumb/v7-m/nofp/libg_nano.a(lib_a-stdio.o) (_close_r)
/usr/share/gcc-arm-none-eabi-10.3-2021.10/bin/../lib/gcc/arm-none-eabi/10.3.1/../../../../arm-none-eabi/lib/thumb/v7-m/nofp/libg_nano.a(lib_a-lseekr.o)
[...]
Memory Configuration

Name             Origin             Length             Attributes
FLASH            0x0000000000000000 0x0000000000400000 xr
RAM              0x0000000020000000 0x0000000000400000 rw
*default*        0x0000000000000000 0xffffffffffffffff

Linker script and memory map

LOAD ./output/tasks.o
LOAD ./output/list.o
LOAD ./output/queue.o
LOAD ./output/timers.o
LOAD ./output/event_groups.o
LOAD ./output/stream_buffer.o
LOAD ./output/heap_4.o
LOAD ./output/port.o
LOAD ./output/AbortDelay.o
LOAD ./output/BlockQ.o
LOAD ./output/blocktim.o
LOAD ./output/countsem.o
LOAD ./output/death.o
LOAD ./output/dynamic.o
LOAD ./output/EventGroupsDemo.o
LOAD ./output/GenQTest.o
LOAD ./output/integer.o
LOAD ./output/IntQueue.o
LOAD ./output/IntQueueTimer.o
LOAD ./output/IntSemTest.o
LOAD ./output/MessageBufferAMP.o
LOAD ./output/MessageBufferDemo.o
LOAD ./output/PollQ.o
LOAD ./output/QPeek.o
LOAD ./output/QueueOverwrite.o
LOAD ./output/QueueSet.o
LOAD ./output/QueueSetPolling.o
LOAD ./output/recmutex.o
LOAD ./output/semtest.o
LOAD ./output/StaticAllocation.o
LOAD ./output/StreamBufferDemo.o
LOAD ./output/StreamBufferInterrupt.o
LOAD ./output/TaskNotify.o
LOAD ./output/TaskNotifyArray.o
LOAD ./output/TimerDemo.o
LOAD ./output/main.o
LOAD ./output/startup_gcc.o
LOAD ./output/printf-stdarg.o
                0x0000000000000008                _Min_Heap_Size = 0x8
                0x0000000000000400                _Min_Stack_Size = 0x400
                0x0000000020400000                _estack = (ORIGIN (RAM) + LENGTH (RAM))

.isr_vector     0x0000000000000000       0x78
                0x0000000000000000                __vector_table = .
 *(.isr_vector)
 .isr_vector    0x0000000000000000       0x78 ./output/startup_gcc.o
                0x0000000000000000                isr_vector
                0x0000000000000078                . = ALIGN (0x4)

.text           0x0000000000000078     0x10c8
 *(.text)
 .text          0x0000000000000078       0x14 /usr/share/gcc-arm-none-eabi-10.3-2021.10/bin/../lib/gcc/arm-none-eabi/10.3.1/../../../../arm-none-eabi/lib/thumb/v7-m/nofp/libg_nano.a(lib_a-strcmp.o)
                0x0000000000000078                strcmp
 .text          0x000000000000008c       0x10 /usr/share/gcc-arm-none-eabi-10.3-2021.10/bin/../lib/gcc/arm-none-eabi/10.3.1/../../../../arm-none-eabi/lib/thumb/v7-m/nofp/libg_nano.a(lib_a-strlen.o)
                0x000000000000008c                strlen
 *(.rodata*)
 .rodata        0x000000000000009c       0x25 ./output/tasks.o
 *fill*         0x00000000000000c1        0x3 
 .rodata        0x00000000000000c4       0x1d ./output/queue.o
 *fill*         0x00000000000000e1        0x3 
 .rodata        0x00000000000000e4       0x2d ./output/timers.o
 *fill*         0x0000000000000111        0x3 
 .rodata        0x0000000000000114       0x24 ./output/event_groups.o
 .rodata        0x0000000000000138       0x25 ./output/stream_buffer.o
 *fill*         0x000000000000015d        0x3 
 .rodata        0x0000000000000160       0x2f ./output/heap_4.o
 *fill*         0x000000000000018f        0x1 
 .rodata        0x0000000000000190       0x31 ./output/port.o
 *fill*         0x00000000000001c1        0x3 
 .rodata        0x00000000000001c4       0x49 ./output/AbortDelay.o
 *fill*         0x000000000000020d        0x3 
 .rodata        0x0000000000000210       0x23 ./output/blocktim.o
 *fill*         0x0000000000000233        0x1 
 .rodata        0x0000000000000234       0x67 ./output/countsem.o
 *fill*         0x000000000000029b        0x1 
 .rodata        0x000000000000029c       0x18 ./output/death.o
 .rodata        0x00000000000002b4       0x76 ./output/dynamic.o
 *fill*         0x000000000000032a        0x2 
 .rodata        0x000000000000032c       0x56 ./output/EventGroupsDemo.o
 *fill*         0x0000000000000382        0x2 
 .rodata        0x0000000000000384       0x7f ./output/GenQTest.o
 *fill*         0x0000000000000403        0x1 
 .rodata        0x0000000000000404       0x4e ./output/IntQueue.o
 *fill*         0x0000000000000452        0x2 
 .rodata        0x0000000000000454       0x53 ./output/IntSemTest.o
 *fill*         0x00000000000004a7        0x1 
 .rodata        0x00000000000004a8       0x5c ./output/MessageBufferAMP.o
 .rodata        0x0000000000000504       0xf2 ./output/MessageBufferDemo.o
 *fill*         0x00000000000005f6        0x2 
 .rodata        0x00000000000005f8       0x20 ./output/PollQ.o
 .rodata        0x0000000000000618       0x33 ./output/QPeek.o
 *fill*         0x000000000000064b        0x1 
 .rodata        0x000000000000064c       0x45 ./output/QueueOverwrite.o
 *fill*         0x0000000000000691        0x3 
 .rodata        0x0000000000000694       0x47 ./output/QueueSet.o
 *fill*         0x00000000000006db        0x1 
 .rodata        0x00000000000006dc        0x8 ./output/QueueSetPolling.o
 .rodata        0x00000000000006e4       0x5f ./output/recmutex.o
 *fill*         0x0000000000000743        0x1 
 .rodata        0x0000000000000744       0x3f ./output/semtest.o
 *fill*         0x0000000000000783        0x1 
 .rodata        0x0000000000000784       0x57 ./output/StaticAllocation.o
 *fill*         0x00000000000007db        0x1 
 .rodata        0x00000000000007dc      0x12b ./output/StreamBufferDemo.o
 *fill*         0x0000000000000907        0x1 
 .rodata        0x0000000000000908       0x7c ./output/StreamBufferInterrupt.o
 .rodata        0x0000000000000984       0x61 ./output/TaskNotify.o
 *fill*         0x00000000000009e5        0x3 
 .rodata        0x00000000000009e8       0x6a ./output/TaskNotifyArray.o
 *fill*         0x0000000000000a52        0x2 
 .rodata        0x0000000000000a54       0x6b ./output/TimerDemo.o
 *fill*         0x0000000000000abf        0x1 
 .rodata        0x0000000000000ac0      0x5d9 ./output/main.o
 *fill*         0x0000000000001099        0x3 
 .rodata        0x000000000000109c       0x36 ./output/startup_gcc.o
 *fill*         0x00000000000010d2        0x2 
 .rodata        0x00000000000010d4        0x7 ./output/printf-stdarg.o
 *fill*         0x00000000000010db        0x1 
 .rodata.__sf_fake_stderr
                0x00000000000010dc       0x20 /usr/share/gcc-arm-none-eabi-10.3-2021.10/bin/../lib/gcc/arm-none-eabi/10.3.1/../../../../arm-none-eabi/lib/thumb/v7-m/nofp/libg_nano.a(lib_a-findfp.o)
                0x00000000000010dc                __sf_fake_stderr
 .rodata.__sf_fake_stdin
                0x00000000000010fc       0x20 /usr/share/gcc-arm-none-eabi-10.3-2021.10/bin/../lib/gcc/arm-none-eabi/10.3.1/../../../../arm-none-eabi/lib/thumb/v7-m/nofp/libg_nano.a(lib_a-findfp.o)
                0x00000000000010fc                __sf_fake_stdin
 .rodata.__sf_fake_stdout
                0x000000000000111c       0x20 /usr/share/gcc-arm-none-eabi-10.3-2021.10/bin/../lib/gcc/arm-none-eabi/10.3.1/../../../../arm-none-eabi/lib/thumb/v7-m/nofp/libg_nano.a(lib_a-findfp.o)
                0x000000000000111c                __sf_fake_stdout
 .rodata._global_impure_ptr
                0x000000000000113c        0x4 /usr/share/gcc-arm-none-eabi-10.3-2021.10/bin/../lib/gcc/arm-none-eabi/10.3.1/../../../../arm-none-eabi/lib/thumb/v7-m/nofp/libg_nano.a(lib_a-impure.o)
                0x000000000000113c                _global_impure_ptr
 *(.constdata*)
                0x0000000000001140                _etext = .
                0x0000000000001140                _sidata = .

.glue_7         0x0000000000001140        0x0
 .glue_7        0x0000000000001140        0x0 linker stubs

.glue_7t        0x0000000000001140        0x0
 .glue_7t       0x0000000000001140        0x0 linker stubs

.vfp11_veneer   0x0000000000001140        0x0
 .vfp11_veneer  0x0000000000001140        0x0 linker stubs

.v4_bx          0x0000000000001140        0x0
 .v4_bx         0x0000000000001140        0x0 linker stubs

.text.prvCreateStaticTask
                0x0000000000001140       0x9c
 .text.prvCreateStaticTask
                0x0000000000001140       0x9c ./output/tasks.o

.text.xTaskCreateStatic
                0x00000000000011dc       0x48
 .text.xTaskCreateStatic
                0x00000000000011dc       0x48 ./output/tasks.o
                0x00000000000011dc                xTaskCreateStatic

.text.prvCreateTask
                0x0000000000001224       0x82
 .text.prvCreateTask
                0x0000000000001224       0x82 ./output/tasks.o

.text.xTaskCreate
                0x00000000000012a6       0x48
 .text.xTaskCreate
                0x00000000000012a6       0x48 ./output/tasks.o
                0x00000000000012a6                xTaskCreate

.text.prvInitialiseNewTask
                0x00000000000012f0      0x108
 .text.prvInitialiseNewTask
                0x00000000000012f0      0x108 ./output/tasks.o

.text.prvAddNewTaskToReadyList
                0x00000000000013f8      0x124
 .text.prvAddNewTaskToReadyList
                0x00000000000013f8      0x124 ./output/tasks.o

.text.vTaskDelete
                0x000000000000151c      0x120
 .text.vTaskDelete
                0x000000000000151c      0x120 ./output/tasks.o
                0x000000000000151c                vTaskDelete

.text.xTaskDelayUntil
                0x000000000000163c       0xdc
 .text.xTaskDelayUntil
                0x000000000000163c       0xdc ./output/tasks.o
                0x000000000000163c                xTaskDelayUntil

.text.vTaskDelay
                0x0000000000001718       0x60
 .text.vTaskDelay
                0x0000000000001718       0x60 ./output/tasks.o
                0x0000000000001718                vTaskDelay

.text.eTaskGetState
                0x0000000000001778      0x104
 .text.eTaskGetState
                0x0000000000001778      0x104 ./output/tasks.o
                0x0000000000001778                eTaskGetState

.text.uxTaskPriorityGet
                0x000000000000187c       0x34
 .text.uxTaskPriorityGet
                0x000000000000187c       0x34 ./output/tasks.o
                0x000000000000187c                uxTaskPriorityGet

.text.vTaskPrioritySet
                0x00000000000018b0      0x1a8
 .text.vTaskPrioritySet
                0x00000000000018b0      0x1a8 ./output/tasks.o
                0x00000000000018b0                vTaskPrioritySet

.text.vTaskSuspend
                0x0000000000001a58      0x138
 .text.vTaskSuspend
                0x0000000000001a58      0x138 ./output/tasks.o
                0x0000000000001a58                vTaskSuspend

.text.prvTaskIsTaskSuspended
                0x0000000000001b90       0x80
 .text.prvTaskIsTaskSuspended
                0x0000000000001b90       0x80 ./output/tasks.o

.text.vTaskResume
                0x0000000000001c10      0x104
 .text.vTaskResume
                0x0000000000001c10      0x104 ./output/tasks.o
                0x0000000000001c10                vTaskResume

.text.prvCreateIdleTasks
                0x0000000000001d14       0xd0
 .text.prvCreateIdleTasks
                0x0000000000001d14       0xd0 ./output/tasks.o

.text.vTaskStartScheduler
                0x0000000000001de4       0x80
 .text.vTaskStartScheduler
                0x0000000000001de4       0x80 ./output/tasks.o
                0x0000000000001de4                vTaskStartScheduler

.text.vTaskSuspendAll
                0x0000000000001e64       0x1c
 .text.vTaskSuspendAll
                0x0000000000001e64       0x1c ./output/tasks.o
                0x0000000000001e64                vTaskSuspendAll

.text.xTaskResumeAll
                0x0000000000001e80      0x204
 .text.xTaskResumeAll
                0x0000000000001e80      0x204 ./output/tasks.o
                0x0000000000001e80                xTaskResumeAll

.text.xTaskGetTickCount
                0x0000000000002084       0x1c
 .text.xTaskGetTickCount
                0x0000000000002084       0x1c ./output/tasks.o
                0x0000000000002084                xTaskGetTickCount

.text.xTaskGetTickCountFromISR
                0x00000000000020a0       0x24
 .text.xTaskGetTickCountFromISR
                0x00000000000020a0       0x24 ./output/tasks.o
                0x00000000000020a0                xTaskGetTickCountFromISR

.text.uxTaskGetNumberOfTasks
                0x00000000000020c4       0x14
 .text.uxTaskGetNumberOfTasks
                0x00000000000020c4       0x14 ./output/tasks.o
                0x00000000000020c4                uxTaskGetNumberOfTasks

.text.prvSearchForNameWithinSingleList
                0x00000000000020d8       0xd6
 .text.prvSearchForNameWithinSingleList
                0x00000000000020d8       0xd6 ./output/tasks.o

.text.xTaskGetHandle
                0x00000000000021b0       0xc4
 .text.xTaskGetHandle
                0x00000000000021b0       0xc4 ./output/tasks.o
                0x00000000000021b0                xTaskGetHandle

.text.xTaskCatchUpTicks
                0x0000000000002274       0x50
 .text.xTaskCatchUpTicks
                0x0000000000002274       0x50 ./output/tasks.o
                0x0000000000002274                xTaskCatchUpTicks

.text.xTaskAbortDelay
                0x00000000000022c4      0x118
 .text.xTaskAbortDelay
                0x00000000000022c4      0x118 ./output/tasks.o
                0x00000000000022c4                xTaskAbortDelay

.text.xTaskIncrementTick
                0x00000000000023dc      0x234
 .text.xTaskIncrementTick
                0x00000000000023dc      0x234 ./output/tasks.o
                0x00000000000023dc                xTaskIncrementTick

.text.vTaskSwitchContext
                0x0000000000002610       0xf8
 .text.vTaskSwitchContext
                0x0000000000002610       0xf8 ./output/tasks.o
                0x0000000000002610                vTaskSwitchContext

.text.vTaskPlaceOnEventList
                0x0000000000002708       0x40
 .text.vTaskPlaceOnEventList
                0x0000000000002708       0x40 ./output/tasks.o
                0x0000000000002708                vTaskPlaceOnEventList

.text.vTaskPlaceOnUnorderedEventList
                0x0000000000002748       0x98
 .text.vTaskPlaceOnUnorderedEventList
                0x0000000000002748       0x98 ./output/tasks.o
                0x0000000000002748                vTaskPlaceOnUnorderedEventList

.text.vTaskPlaceOnEventListRestricted
                0x00000000000027e0       0x84
 .text.vTaskPlaceOnEventListRestricted
                0x00000000000027e0       0x84 ./output/tasks.o
                0x00000000000027e0                vTaskPlaceOnEventListRestricted

.text.xTaskRemoveFromEventList
                0x0000000000002864      0x1a0
 .text.xTaskRemoveFromEventList
                0x0000000000002864      0x1a0 ./output/tasks.o
                0x0000000000002864                xTaskRemoveFromEventList

.text.vTaskRemoveFromUnorderedEventList
                0x0000000000002a04      0x168
 .text.vTaskRemoveFromUnorderedEventList
                0x0000000000002a04      0x168 ./output/tasks.o
                0x0000000000002a04                vTaskRemoveFromUnorderedEventList

.text.vTaskSetTimeOutState
                0x0000000000002b6c       0x44
 .text.vTaskSetTimeOutState
                0x0000000000002b6c       0x44 ./output/tasks.o
                0x0000000000002b6c                vTaskSetTimeOutState

.text.vTaskInternalSetTimeOutState
                0x0000000000002bb0       0x2c
 .text.vTaskInternalSetTimeOutState
                0x0000000000002bb0       0x2c ./output/tasks.o
                0x0000000000002bb0                vTaskInternalSetTimeOutState

.text.xTaskCheckForTimeOut
                0x0000000000002bdc       0xd8
 .text.xTaskCheckForTimeOut
                0x0000000000002bdc       0xd8 ./output/tasks.o
                0x0000000000002bdc                xTaskCheckForTimeOut

.text.vTaskMissedYield
                0x0000000000002cb4       0x18
 .text.vTaskMissedYield
                0x0000000000002cb4       0x18 ./output/tasks.o
                0x0000000000002cb4                vTaskMissedYield

.text.prvIdleTask
                0x0000000000002ccc        0xe
 .text.prvIdleTask
                0x0000000000002ccc        0xe ./output/tasks.o

.text.prvInitialiseTaskLists
                0x0000000000002cdc       0x80
 .text.prvInitialiseTaskLists
                0x0000000000002cdc       0x80 ./output/tasks.o

.text.prvCheckTasksWaitingTermination
                0x0000000000002d5c       0x5c
 .text.prvCheckTasksWaitingTermination
                0x0000000000002d5c       0x5c ./output/tasks.o

.text.prvDeleteTCB
                0x0000000000002db8       0x58
 .text.prvDeleteTCB
                0x0000000000002db8       0x58 ./output/tasks.o

.text.prvResetNextTaskUnblockTime
                0x0000000000002e10       0x34
 .text.prvResetNextTaskUnblockTime
                0x0000000000002e10       0x34 ./output/tasks.o

.text.xTaskGetCurrentTaskHandle
                0x0000000000002e44       0x1c
 .text.xTaskGetCurrentTaskHandle
                0x0000000000002e44       0x1c ./output/tasks.o
                0x0000000000002e44                xTaskGetCurrentTaskHandle

.text.xTaskGetSchedulerState
                0x0000000000002e60       0x3c
 .text.xTaskGetSchedulerState
                0x0000000000002e60       0x3c ./output/tasks.o
                0x0000000000002e60                xTaskGetSchedulerState

.text.xTaskPriorityInherit
                0x0000000000002e9c      0x13c
 .text.xTaskPriorityInherit
                0x0000000000002e9c      0x13c ./output/tasks.o
                0x0000000000002e9c                xTaskPriorityInherit

.text.xTaskPriorityDisinherit
                0x0000000000002fd8      0x130
 .text.xTaskPriorityDisinherit
                0x0000000000002fd8      0x130 ./output/tasks.o
                0x0000000000002fd8                xTaskPriorityDisinherit

.text.vTaskPriorityDisinheritAfterTimeout
                0x0000000000003108      0x15c
 .text.vTaskPriorityDisinheritAfterTimeout
                0x0000000000003108      0x15c ./output/tasks.o
                0x0000000000003108                vTaskPriorityDisinheritAfterTimeout

.text.uxTaskResetEventItemValue
                0x0000000000003264       0x30
 .text.uxTaskResetEventItemValue
                0x0000000000003264       0x30 ./output/tasks.o
                0x0000000000003264                uxTaskResetEventItemValue

.text.pvTaskIncrementMutexHeldCount
                0x0000000000003294       0x2c
 .text.pvTaskIncrementMutexHeldCount
                0x0000000000003294       0x2c ./output/tasks.o
                0x0000000000003294                pvTaskIncrementMutexHeldCount

.text.ulTaskGenericNotifyTake
                0x00000000000032c0       0xe4
 .text.ulTaskGenericNotifyTake
                0x00000000000032c0       0xe4 ./output/tasks.o
                0x00000000000032c0                ulTaskGenericNotifyTake

.text.xTaskGenericNotifyWait
                0x00000000000033a4      0x114
 .text.xTaskGenericNotifyWait
                0x00000000000033a4      0x114 ./output/tasks.o
                0x00000000000033a4                xTaskGenericNotifyWait

.text.xTaskGenericNotify
                0x00000000000034b8      0x218
 .text.xTaskGenericNotify
                0x00000000000034b8      0x218 ./output/tasks.o
                0x00000000000034b8                xTaskGenericNotify

.text.xTaskGenericNotifyFromISR
                0x00000000000036d0      0x28c
 .text.xTaskGenericNotifyFromISR
                0x00000000000036d0      0x28c ./output/tasks.o
                0x00000000000036d0                xTaskGenericNotifyFromISR

.text.vTaskGenericNotifyGiveFromISR
                0x000000000000395c      0x1ec
 .text.vTaskGenericNotifyGiveFromISR
                0x000000000000395c      0x1ec ./output/tasks.o
                0x000000000000395c                vTaskGenericNotifyGiveFromISR

.text.xTaskGenericNotifyStateClear
                0x0000000000003b48       0x6c
 .text.xTaskGenericNotifyStateClear
                0x0000000000003b48       0x6c ./output/tasks.o
                0x0000000000003b48                xTaskGenericNotifyStateClear

.text.ulTaskGenericNotifyValueClear
                0x0000000000003bb4       0x70
 .text.ulTaskGenericNotifyValueClear
                0x0000000000003bb4       0x70 ./output/tasks.o
                0x0000000000003bb4                ulTaskGenericNotifyValueClear

.text.prvAddCurrentTaskToDelayedList
                0x0000000000003c24      0x108
 .text.prvAddCurrentTaskToDelayedList
                0x0000000000003c24      0x108 ./output/tasks.o

.iplt           0x0000000000003d2c        0x0
 .iplt          0x0000000000003d2c        0x0 ./output/tasks.o

.text.vListInitialise
                0x0000000000003d2c       0x3e
 .text.vListInitialise
                0x0000000000003d2c       0x3e ./output/list.o
                0x0000000000003d2c                vListInitialise

.text.vListInitialiseItem
                0x0000000000003d6a       0x18
 .text.vListInitialiseItem
                0x0000000000003d6a       0x18 ./output/list.o
                0x0000000000003d6a                vListInitialiseItem

.text.vListInsertEnd
                0x0000000000003d82       0x46
 .text.vListInsertEnd
                0x0000000000003d82       0x46 ./output/list.o
                0x0000000000003d82                vListInsertEnd

.text.vListInsert
                0x0000000000003dc8       0x70
 .text.vListInsert
                0x0000000000003dc8       0x70 ./output/list.o
                0x0000000000003dc8                vListInsert

.text.uxListRemove
                0x0000000000003e38       0x52
 .text.uxListRemove
                0x0000000000003e38       0x52 ./output/list.o
                0x0000000000003e38                uxListRemove

.text.xQueueGenericReset
                0x0000000000003e8c      0x10c
 .text.xQueueGenericReset
                0x0000000000003e8c      0x10c ./output/queue.o
                0x0000000000003e8c                xQueueGenericReset

.text.xQueueGenericCreateStatic
                0x0000000000003f98       0x9c
 .text.xQueueGenericCreateStatic
                0x0000000000003f98       0x9c ./output/queue.o
                0x0000000000003f98                xQueueGenericCreateStatic

.text.xQueueGenericCreate
                0x0000000000004034       0x9c
 .text.xQueueGenericCreate
                0x0000000000004034       0x9c ./output/queue.o
                0x0000000000004034                xQueueGenericCreate

.text.prvInitialiseNewQueue
                0x00000000000040d0       0x44
 .text.prvInitialiseNewQueue
                0x00000000000040d0       0x44 ./output/queue.o

.text.prvInitialiseMutex
                0x0000000000004114       0x34
 .text.prvInitialiseMutex
                0x0000000000004114       0x34 ./output/queue.o

.text.xQueueCreateMutex
                0x0000000000004148       0x30
 .text.xQueueCreateMutex
                0x0000000000004148       0x30 ./output/queue.o
                0x0000000000004148                xQueueCreateMutex

.text.xQueueCreateMutexStatic
                0x0000000000004178       0x36
 .text.xQueueCreateMutexStatic
                0x0000000000004178       0x36 ./output/queue.o
                0x0000000000004178                xQueueCreateMutexStatic

.text.xQueueGetMutexHolder
                0x00000000000041b0       0x48
 .text.xQueueGetMutexHolder
                0x00000000000041b0       0x48 ./output/queue.o
                0x00000000000041b0                xQueueGetMutexHolder

.text.xQueueGetMutexHolderFromISR
                0x00000000000041f8       0x3c
 .text.xQueueGetMutexHolderFromISR
                0x00000000000041f8       0x3c ./output/queue.o
                0x00000000000041f8                xQueueGetMutexHolderFromISR

.text.xQueueGiveMutexRecursive
                0x0000000000004234       0x60
 .text.xQueueGiveMutexRecursive
                0x0000000000004234       0x60 ./output/queue.o
                0x0000000000004234                xQueueGiveMutexRecursive

.text.xQueueTakeMutexRecursive
                0x0000000000004294       0x64
 .text.xQueueTakeMutexRecursive
                0x0000000000004294       0x64 ./output/queue.o
                0x0000000000004294                xQueueTakeMutexRecursive

.text.xQueueCreateCountingSemaphoreStatic
                0x00000000000042f8       0x5c
 .text.xQueueCreateCountingSemaphoreStatic
                0x00000000000042f8       0x5c ./output/queue.o
                0x00000000000042f8                xQueueCreateCountingSemaphoreStatic

.text.xQueueCreateCountingSemaphore
                0x0000000000004354       0x54
 .text.xQueueCreateCountingSemaphore
                0x0000000000004354       0x54 ./output/queue.o
                0x0000000000004354                xQueueCreateCountingSemaphore

.text.xQueueGenericSend
                0x00000000000043a8      0x208
 .text.xQueueGenericSend
                0x00000000000043a8      0x208 ./output/queue.o
                0x00000000000043a8                xQueueGenericSend

.text.xQueueGenericSendFromISR
                0x00000000000045b0      0x168
 .text.xQueueGenericSendFromISR
                0x00000000000045b0      0x168 ./output/queue.o
                0x00000000000045b0                xQueueGenericSendFromISR

.text.xQueueGiveFromISR
                0x0000000000004718      0x13c
 .text.xQueueGiveFromISR
                0x0000000000004718      0x13c ./output/queue.o
                0x0000000000004718                xQueueGiveFromISR

.text.xQueueReceive
                0x0000000000004854      0x1a0
 .text.xQueueReceive
                0x0000000000004854      0x1a0 ./output/queue.o
                0x0000000000004854                xQueueReceive

.text.xQueueSemaphoreTake
                0x00000000000049f4      0x1dc
 .text.xQueueSemaphoreTake
                0x00000000000049f4      0x1dc ./output/queue.o
                0x00000000000049f4                xQueueSemaphoreTake

.text.xQueuePeek
                0x0000000000004bd0      0x1a4
 .text.xQueuePeek
                0x0000000000004bd0      0x1a4 ./output/queue.o
                0x0000000000004bd0                xQueuePeek

.text.xQueueReceiveFromISR
                0x0000000000004d74      0x110
 .text.xQueueReceiveFromISR
                0x0000000000004d74      0x110 ./output/queue.o
                0x0000000000004d74                xQueueReceiveFromISR

.text.xQueuePeekFromISR
                0x0000000000004e84       0xb4
 .text.xQueuePeekFromISR
                0x0000000000004e84       0xb4 ./output/queue.o
                0x0000000000004e84                xQueuePeekFromISR

.text.uxQueueMessagesWaiting
                0x0000000000004f38       0x34
 .text.uxQueueMessagesWaiting
                0x0000000000004f38       0x34 ./output/queue.o
                0x0000000000004f38                uxQueueMessagesWaiting

.text.uxQueueSpacesAvailable
                0x0000000000004f6c       0x40
 .text.uxQueueSpacesAvailable
                0x0000000000004f6c       0x40 ./output/queue.o
                0x0000000000004f6c                uxQueueSpacesAvailable

.text.vQueueDelete
                0x0000000000004fac       0x40
 .text.vQueueDelete
                0x0000000000004fac       0x40 ./output/queue.o
                0x0000000000004fac                vQueueDelete

.text.prvGetDisinheritPriorityAfterTimeout
                0x0000000000004fec       0x2e
 .text.prvGetDisinheritPriorityAfterTimeout
                0x0000000000004fec       0x2e ./output/queue.o

.text.prvCopyDataToQueue
                0x000000000000501a       0xd4
 .text.prvCopyDataToQueue
                0x000000000000501a       0xd4 ./output/queue.o

.text.prvCopyDataFromQueue
                0x00000000000050ee       0x4c
 .text.prvCopyDataFromQueue
                0x00000000000050ee       0x4c ./output/queue.o

.text.prvUnlockQueue
                0x000000000000513a       0xbe
 .text.prvUnlockQueue
                0x000000000000513a       0xbe ./output/queue.o

.text.prvIsQueueEmpty
                0x00000000000051f8       0x2c
 .text.prvIsQueueEmpty
                0x00000000000051f8       0x2c ./output/queue.o

.text.prvIsQueueFull
                0x0000000000005224       0x30
 .text.prvIsQueueFull
                0x0000000000005224       0x30 ./output/queue.o

.text.xQueueIsQueueFullFromISR
                0x0000000000005254       0x40
 .text.xQueueIsQueueFullFromISR
                0x0000000000005254       0x40 ./output/queue.o
                0x0000000000005254                xQueueIsQueueFullFromISR

.text.vQueueAddToRegistry
                0x0000000000005294       0x90
 .text.vQueueAddToRegistry
                0x0000000000005294       0x90 ./output/queue.o
                0x0000000000005294                vQueueAddToRegistry

.text.vQueueUnregisterQueue
                0x0000000000005324       0x64
 .text.vQueueUnregisterQueue
                0x0000000000005324       0x64 ./output/queue.o
                0x0000000000005324                vQueueUnregisterQueue

.text.vQueueWaitForMessageRestricted
                0x0000000000005388       0x68
 .text.vQueueWaitForMessageRestricted
                0x0000000000005388       0x68 ./output/queue.o
                0x0000000000005388                vQueueWaitForMessageRestricted

.text.xQueueCreateSet
                0x00000000000053f0       0x1e
 .text.xQueueCreateSet
                0x00000000000053f0       0x1e ./output/queue.o
                0x00000000000053f0                xQueueCreateSet

.text.xQueueAddToSet
                0x000000000000540e       0x42
 .text.xQueueAddToSet
                0x000000000000540e       0x42 ./output/queue.o
                0x000000000000540e                xQueueAddToSet

.text.xQueueRemoveFromSet
                0x0000000000005450       0x48
 .text.xQueueRemoveFromSet
                0x0000000000005450       0x48 ./output/queue.o
                0x0000000000005450                xQueueRemoveFromSet

.text.xQueueSelectFromSet
                0x0000000000005498       0x26
 .text.xQueueSelectFromSet
                0x0000000000005498       0x26 ./output/queue.o
                0x0000000000005498                xQueueSelectFromSet

.text.xQueueSelectFromSetFromISR
                0x00000000000054be       0x24
 .text.xQueueSelectFromSetFromISR
                0x00000000000054be       0x24 ./output/queue.o
                0x00000000000054be                xQueueSelectFromSetFromISR

.text.prvNotifyQueueSetContainer
                0x00000000000054e4       0xc0
 .text.prvNotifyQueueSetContainer
                0x00000000000054e4       0xc0 ./output/queue.o

.text.xTimerCreateTimerTask
                0x00000000000055a4       0x88
 .text.xTimerCreateTimerTask
                0x00000000000055a4       0x88 ./output/timers.o
                0x00000000000055a4                xTimerCreateTimerTask

.text.xTimerCreate
                0x000000000000562c       0x42
 .text.xTimerCreate
                0x000000000000562c       0x42 ./output/timers.o
                0x000000000000562c                xTimerCreate

.text.xTimerCreateStatic
                0x0000000000005670       0x68
 .text.xTimerCreateStatic
                0x0000000000005670       0x68 ./output/timers.o
                0x0000000000005670                xTimerCreateStatic

.text.prvInitialiseNewTimer
                0x00000000000056d8       0x68
 .text.prvInitialiseNewTimer
                0x00000000000056d8       0x68 ./output/timers.o

.text.xTimerGenericCommandFromTask
                0x0000000000005740       0x90
 .text.xTimerGenericCommandFromTask
                0x0000000000005740       0x90 ./output/timers.o
                0x0000000000005740                xTimerGenericCommandFromTask

.text.xTimerGenericCommandFromISR
                0x00000000000057d0       0x70
 .text.xTimerGenericCommandFromISR
                0x00000000000057d0       0x70 ./output/timers.o
                0x00000000000057d0                xTimerGenericCommandFromISR

.text.vTimerSetReloadMode
                0x0000000000005840       0x60
 .text.vTimerSetReloadMode
                0x0000000000005840       0x60 ./output/timers.o
                0x0000000000005840                vTimerSetReloadMode

.text.xTimerGetReloadMode
                0x00000000000058a0       0x4c
 .text.xTimerGetReloadMode
                0x00000000000058a0       0x4c ./output/timers.o
                0x00000000000058a0                xTimerGetReloadMode

.text.uxTimerGetReloadMode
                0x00000000000058ec       0x1c
 .text.uxTimerGetReloadMode
                0x00000000000058ec       0x1c ./output/timers.o
                0x00000000000058ec                uxTimerGetReloadMode

.text.pcTimerGetName
                0x0000000000005908       0x2c
 .text.pcTimerGetName
                0x0000000000005908       0x2c ./output/timers.o
                0x0000000000005908                pcTimerGetName

.text.prvReloadTimer
                0x0000000000005934       0x42
 .text.prvReloadTimer
                0x0000000000005934       0x42 ./output/timers.o

.text.prvProcessExpiredTimer
                0x0000000000005978       0x60
 .text.prvProcessExpiredTimer
                0x0000000000005978       0x60 ./output/timers.o

.text.prvTimerTask
                0x00000000000059d8       0x24
 .text.prvTimerTask
                0x00000000000059d8       0x24 ./output/timers.o

.text.prvProcessTimerOrBlockTask
                0x00000000000059fc       0x9c
 .text.prvProcessTimerOrBlockTask
                0x00000000000059fc       0x9c ./output/timers.o

.text.prvGetNextExpireTime
                0x0000000000005a98       0x44
 .text.prvGetNextExpireTime
                0x0000000000005a98       0x44 ./output/timers.o

.text.prvSampleTimeNow
                0x0000000000005adc       0x40
 .text.prvSampleTimeNow
                0x0000000000005adc       0x40 ./output/timers.o

.text.prvInsertTimerInActiveList
                0x0000000000005b1c       0x84
 .text.prvInsertTimerInActiveList
                0x0000000000005b1c       0x84 ./output/timers.o

.text.prvProcessReceivedCommands
                0x0000000000005ba0      0x1a0
 .text.prvProcessReceivedCommands
                0x0000000000005ba0      0x1a0 ./output/timers.o

.text.prvSwitchTimerLists
                0x0000000000005d40       0x4c
 .text.prvSwitchTimerLists
                0x0000000000005d40       0x4c ./output/timers.o

.text.prvCheckForValidListAndQueue
                0x0000000000005d8c       0x80
 .text.prvCheckForValidListAndQueue
                0x0000000000005d8c       0x80 ./output/timers.o

.text.xTimerIsTimerActive
                0x0000000000005e0c       0x4c
 .text.xTimerIsTimerActive
                0x0000000000005e0c       0x4c ./output/timers.o
                0x0000000000005e0c                xTimerIsTimerActive

.text.pvTimerGetTimerID
                0x0000000000005e58       0x38
 .text.pvTimerGetTimerID
                0x0000000000005e58       0x38 ./output/timers.o
                0x0000000000005e58                pvTimerGetTimerID

.text.vTimerSetTimerID
                0x0000000000005e90       0x38
 .text.vTimerSetTimerID
                0x0000000000005e90       0x38 ./output/timers.o
                0x0000000000005e90                vTimerSetTimerID

.text.xTimerPendFunctionCallFromISR
                0x0000000000005ec8       0x40
 .text.xTimerPendFunctionCallFromISR
                0x0000000000005ec8       0x40 ./output/timers.o
                0x0000000000005ec8                xTimerPendFunctionCallFromISR

.text.xEventGroupCreateStatic
                0x0000000000005f08       0x58
 .text.xEventGroupCreateStatic
                0x0000000000005f08       0x58 ./output/event_groups.o
                0x0000000000005f08                xEventGroupCreateStatic

.text.xEventGroupCreate
                0x0000000000005f60       0x34
 .text.xEventGroupCreate
                0x0000000000005f60       0x34 ./output/event_groups.o
                0x0000000000005f60                xEventGroupCreate

.text.xEventGroupSync
                0x0000000000005f94      0x138
 .text.xEventGroupSync
                0x0000000000005f94      0x138 ./output/event_groups.o
                0x0000000000005f94                xEventGroupSync

.text.xEventGroupWaitBits
                0x00000000000060cc      0x170
 .text.xEventGroupWaitBits
                0x00000000000060cc      0x170 ./output/event_groups.o
                0x00000000000060cc                xEventGroupWaitBits

.text.xEventGroupClearBits
                0x000000000000623c       0x5c
 .text.xEventGroupClearBits
                0x000000000000623c       0x5c ./output/event_groups.o
                0x000000000000623c                xEventGroupClearBits

.text.xEventGroupGetBitsFromISR
                0x0000000000006298       0x46
 .text.xEventGroupGetBitsFromISR
                0x0000000000006298       0x46 ./output/event_groups.o
                0x0000000000006298                xEventGroupGetBitsFromISR

.text.xEventGroupSetBits
                0x00000000000062e0      0x104
 .text.xEventGroupSetBits
                0x00000000000062e0      0x104 ./output/event_groups.o
                0x00000000000062e0                xEventGroupSetBits

.text.vEventGroupDelete
                0x00000000000063e4       0x74
 .text.vEventGroupDelete
                0x00000000000063e4       0x74 ./output/event_groups.o
                0x00000000000063e4                vEventGroupDelete

.text.vEventGroupSetBitsCallback
                0x0000000000006458       0x1a
 .text.vEventGroupSetBitsCallback
                0x0000000000006458       0x1a ./output/event_groups.o
                0x0000000000006458                vEventGroupSetBitsCallback

.text.vEventGroupClearBitsCallback
                0x0000000000006472       0x1a
 .text.vEventGroupClearBitsCallback
                0x0000000000006472       0x1a ./output/event_groups.o
                0x0000000000006472                vEventGroupClearBitsCallback

.text.prvTestWaitCondition
                0x000000000000648c       0x42
 .text.prvTestWaitCondition
                0x000000000000648c       0x42 ./output/event_groups.o

.text.xStreamBufferGenericCreate
                0x00000000000064d0       0xac
 .text.xStreamBufferGenericCreate
                0x00000000000064d0       0xac ./output/stream_buffer.o
                0x00000000000064d0                xStreamBufferGenericCreate

.text.xStreamBufferGenericCreateStatic
                0x000000000000657c       0xcc
 .text.xStreamBufferGenericCreateStatic
                0x000000000000657c       0xcc ./output/stream_buffer.o
                0x000000000000657c                xStreamBufferGenericCreateStatic

.text.vStreamBufferDelete
                0x0000000000006648       0x48
 .text.vStreamBufferDelete
                0x0000000000006648       0x48 ./output/stream_buffer.o
                0x0000000000006648                vStreamBufferDelete

.text.xStreamBufferReset
                0x0000000000006690       0x78
 .text.xStreamBufferReset
                0x0000000000006690       0x78 ./output/stream_buffer.o
                0x0000000000006690                xStreamBufferReset

.text.xStreamBufferSpacesAvailable
                0x0000000000006708       0x6c
 .text.xStreamBufferSpacesAvailable
                0x0000000000006708       0x6c ./output/stream_buffer.o
                0x0000000000006708                xStreamBufferSpacesAvailable

.text.xStreamBufferBytesAvailable
                0x0000000000006774       0x34
 .text.xStreamBufferBytesAvailable
                0x0000000000006774       0x34 ./output/stream_buffer.o
                0x0000000000006774                xStreamBufferBytesAvailable

.text.xStreamBufferSend
                0x00000000000067a8      0x170
 .text.xStreamBufferSend
                0x00000000000067a8      0x170 ./output/stream_buffer.o
                0x00000000000067a8                xStreamBufferSend

.text.xStreamBufferSendFromISR
                0x0000000000006918       0xd4
 .text.xStreamBufferSendFromISR
                0x0000000000006918       0xd4 ./output/stream_buffer.o
                0x0000000000006918                xStreamBufferSendFromISR

.text.prvWriteMessageToBuffer
                0x00000000000069ec       0x88
 .text.prvWriteMessageToBuffer
                0x00000000000069ec       0x88 ./output/stream_buffer.o

.text.xStreamBufferReceive
                0x0000000000006a74      0x110
 .text.xStreamBufferReceive
                0x0000000000006a74      0x110 ./output/stream_buffer.o
                0x0000000000006a74                xStreamBufferReceive

.text.xStreamBufferNextMessageLengthBytes
                0x0000000000006b84       0x74
 .text.xStreamBufferNextMessageLengthBytes
                0x0000000000006b84       0x74 ./output/stream_buffer.o
                0x0000000000006b84                xStreamBufferNextMessageLengthBytes

.text.xStreamBufferReceiveFromISR
                0x0000000000006bf8       0xcc
 .text.xStreamBufferReceiveFromISR
                0x0000000000006bf8       0xcc ./output/stream_buffer.o
                0x0000000000006bf8                xStreamBufferReceiveFromISR

.text.prvReadMessageFromBuffer
                0x0000000000006cc4       0x7a
 .text.prvReadMessageFromBuffer
                0x0000000000006cc4       0x7a ./output/stream_buffer.o

.text.xStreamBufferIsEmpty
                0x0000000000006d40       0x44
 .text.xStreamBufferIsEmpty
                0x0000000000006d40       0x44 ./output/stream_buffer.o
                0x0000000000006d40                xStreamBufferIsEmpty

.text.xStreamBufferIsFull
                0x0000000000006d84       0x58
 .text.xStreamBufferIsFull
                0x0000000000006d84       0x58 ./output/stream_buffer.o
                0x0000000000006d84                xStreamBufferIsFull

.text.prvWriteBytesToBuffer
                0x0000000000006ddc       0xbc
 .text.prvWriteBytesToBuffer
                0x0000000000006ddc       0xbc ./output/stream_buffer.o

.text.prvReadBytesFromBuffer
                0x0000000000006e98       0xb4
 .text.prvReadBytesFromBuffer
                0x0000000000006e98       0xb4 ./output/stream_buffer.o

.text.prvBytesInBuffer
                0x0000000000006f4c       0x3e
 .text.prvBytesInBuffer
                0x0000000000006f4c       0x3e ./output/stream_buffer.o

.text.prvInitialiseNewStreamBuffer
                0x0000000000006f8c       0x58
 .text.prvInitialiseNewStreamBuffer
                0x0000000000006f8c       0x58 ./output/stream_buffer.o

.text.pvPortMalloc
                0x0000000000006fe4      0x21c
 .text.pvPortMalloc
                0x0000000000006fe4      0x21c ./output/heap_4.o
                0x0000000000006fe4                pvPortMalloc

.text.vPortFree
                0x0000000000007200       0xd0
 .text.vPortFree
                0x0000000000007200       0xd0 ./output/heap_4.o
                0x0000000000007200                vPortFree

.text.prvHeapInit
                0x00000000000072d0       0xb4
 .text.prvHeapInit
                0x00000000000072d0       0xb4 ./output/heap_4.o

.text.prvInsertBlockIntoFreeList
                0x0000000000007384       0xe8
 .text.prvInsertBlockIntoFreeList
                0x0000000000007384       0xe8 ./output/heap_4.o

.text.pxPortInitialiseStack
                0x000000000000746c       0x58
 .text.pxPortInitialiseStack
                0x000000000000746c       0x58 ./output/port.o
                0x000000000000746c                pxPortInitialiseStack

.text.prvTaskExitError
                0x00000000000074c4       0x4c
 .text.prvTaskExitError
                0x00000000000074c4       0x4c ./output/port.o

.text.vPortSVCHandler
                0x0000000000007510       0x28
 .text.vPortSVCHandler
                0x0000000000007510       0x28 ./output/port.o
                0x0000000000007510                vPortSVCHandler

.text.prvPortStartFirstTask
                0x0000000000007538       0x24
 .text.prvPortStartFirstTask
                0x0000000000007538       0x24 ./output/port.o

.text.xPortStartScheduler
                0x000000000000755c      0x100
 .text.xPortStartScheduler
                0x000000000000755c      0x100 ./output/port.o
                0x000000000000755c                xPortStartScheduler

.text.vPortEnterCritical
                0x000000000000765c       0x54
 .text.vPortEnterCritical
                0x000000000000765c       0x54 ./output/port.o
                0x000000000000765c                vPortEnterCritical

.text.vPortExitCritical
                0x00000000000076b0       0x48
 .text.vPortExitCritical
                0x00000000000076b0       0x48 ./output/port.o
                0x00000000000076b0                vPortExitCritical

.text.xPortPendSVHandler
                0x0000000000007700       0x48
 .text.xPortPendSVHandler
                0x0000000000007700       0x48 ./output/port.o
                0x0000000000007700                xPortPendSVHandler

.text.xPortSysTickHandler
                0x0000000000007748       0x44
 .text.xPortSysTickHandler
                0x0000000000007748       0x44 ./output/port.o
                0x0000000000007748                xPortSysTickHandler

.text.vPortSetupTimerInterrupt
                0x000000000000778c       0x34
 .text.vPortSetupTimerInterrupt
                0x000000000000778c       0x34 ./output/port.o
                0x000000000000778c                vPortSetupTimerInterrupt

.text.vPortValidateInterruptPriority
                0x00000000000077c0       0x68
 .text.vPortValidateInterruptPriority
                0x00000000000077c0       0x68 ./output/port.o
                0x00000000000077c0                vPortValidateInterruptPriority

.text.vCreateAbortDelayTasks
                0x0000000000007828       0x48
 .text.vCreateAbortDelayTasks
                0x0000000000007828       0x48 ./output/AbortDelay.o
                0x0000000000007828                vCreateAbortDelayTasks

.text.prvControllingTask
                0x0000000000007870       0xbc
 .text.prvControllingTask
                0x0000000000007870       0xbc ./output/AbortDelay.o

.text.prvBlockingTask
                0x000000000000792c       0xc8
 .text.prvBlockingTask
                0x000000000000792c       0xc8 ./output/AbortDelay.o

.text.prvPerformSingleTaskTests
                0x00000000000079f4       0x2c
 .text.prvPerformSingleTaskTests
                0x00000000000079f4       0x2c ./output/AbortDelay.o

.text.prvTestAbortingTaskDelayUntil
                0x0000000000007a20       0x98
 .text.prvTestAbortingTaskDelayUntil
                0x0000000000007a20       0x98 ./output/AbortDelay.o

.text.prvTestAbortingTaskDelay
                0x0000000000007ab8       0x56
 .text.prvTestAbortingTaskDelay
                0x0000000000007ab8       0x56 ./output/AbortDelay.o

.text.prvTestAbortingTaskNotifyTake
                0x0000000000007b10       0x90
 .text.prvTestAbortingTaskNotifyTake
                0x0000000000007b10       0x90 ./output/AbortDelay.o

.text.prvTestAbortingEventGroupWait
                0x0000000000007ba0       0xb4
 .text.prvTestAbortingEventGroupWait
                0x0000000000007ba0       0xb4 ./output/AbortDelay.o

.text.prvTestAbortingStreamBufferReceive
                0x0000000000007c54       0xc0
 .text.prvTestAbortingStreamBufferReceive
                0x0000000000007c54       0xc0 ./output/AbortDelay.o

.text.prvTestAbortingQueueSend
                0x0000000000007d14       0xd0
 .text.prvTestAbortingQueueSend
                0x0000000000007d14       0xd0 ./output/AbortDelay.o

.text.prvTestAbortingSemaphoreTake
                0x0000000000007de4       0xa8
 .text.prvTestAbortingSemaphoreTake
                0x0000000000007de4       0xa8 ./output/AbortDelay.o

.text.prvTestAbortingTaskNotifyWait
                0x0000000000007e8c       0xa0
 .text.prvTestAbortingTaskNotifyWait
                0x0000000000007e8c       0xa0 ./output/AbortDelay.o

.text.prvCheckExpectedTimeIsWithinAnAcceptableMargin
                0x0000000000007f2c       0x44
 .text.prvCheckExpectedTimeIsWithinAnAcceptableMargin
                0x0000000000007f2c       0x44 ./output/AbortDelay.o

.text.xAreAbortDelayTestTasksStillRunning
                0x0000000000007f70       0x68
 .text.xAreAbortDelayTestTasksStillRunning
                0x0000000000007f70       0x68 ./output/AbortDelay.o
                0x0000000000007f70                xAreAbortDelayTestTasksStillRunning

.text.vCreateBlockTimeTasks
                0x0000000000007fd8       0x74
 .text.vCreateBlockTimeTasks
                0x0000000000007fd8       0x74 ./output/blocktim.o
                0x0000000000007fd8                vCreateBlockTimeTasks

.text.vPrimaryBlockTimeTestTask
                0x000000000000804c      0x2dc
 .text.vPrimaryBlockTimeTestTask
                0x000000000000804c      0x2dc ./output/blocktim.o

.text.vSecondaryBlockTimeTestTask
                0x0000000000008328       0xd8
 .text.vSecondaryBlockTimeTestTask
                0x0000000000008328       0xd8 ./output/blocktim.o

.text.prvBasicDelayTests
                0x0000000000008400      0x148
 .text.prvBasicDelayTests
                0x0000000000008400      0x148 ./output/blocktim.o

.text.xAreBlockTimeTestTasksStillRunning
                0x0000000000008548       0x68
 .text.xAreBlockTimeTestTasksStillRunning
                0x0000000000008548       0x68 ./output/blocktim.o
                0x0000000000008548                xAreBlockTimeTestTasksStillRunning

.text.vStartCountingSemaphoreTasks
                0x00000000000085b0       0xac
 .text.vStartCountingSemaphoreTasks
                0x00000000000085b0       0xac ./output/countsem.o
                0x00000000000085b0                vStartCountingSemaphoreTasks

.text.prvDecrementSemaphoreCount
                0x000000000000865c       0xa4
 .text.prvDecrementSemaphoreCount
                0x000000000000865c       0xa4 ./output/countsem.o

.text.prvIncrementSemaphoreCount
                0x0000000000008700       0x90
 .text.prvIncrementSemaphoreCount
                0x0000000000008700       0x90 ./output/countsem.o

.text.prvCountingSemaphoreTask
                0x0000000000008790       0x64
 .text.prvCountingSemaphoreTask
                0x0000000000008790       0x64 ./output/countsem.o

.text.xAreCountingSemaphoreTasksStillRunning
                0x00000000000087f4       0x68
 .text.xAreCountingSemaphoreTasksStillRunning
                0x00000000000087f4       0x68 ./output/countsem.o
                0x00000000000087f4                xAreCountingSemaphoreTasksStillRunning

.text.vCreateSuicidalTasks
                0x000000000000885c       0x2c
 .text.vCreateSuicidalTasks
                0x000000000000885c       0x2c ./output/death.o
                0x000000000000885c                vCreateSuicidalTasks

.text.vSuicidalTask
                0x0000000000008888       0x50
 .text.vSuicidalTask
                0x0000000000008888       0x50 ./output/death.o

.text.vCreateTasks
                0x00000000000088d8       0x84
 .text.vCreateTasks
                0x00000000000088d8       0x84 ./output/death.o

.text.xIsCreateTaskStillRunning
                0x000000000000895c       0x74
 .text.xIsCreateTaskStillRunning
                0x000000000000895c       0x74 ./output/death.o
                0x000000000000895c                xIsCreateTaskStillRunning

.text.vStartDynamicPriorityTasks
                0x00000000000089d0       0xd0
 .text.vStartDynamicPriorityTasks
                0x00000000000089d0       0xd0 ./output/dynamic.o
                0x00000000000089d0                vStartDynamicPriorityTasks

.text.vLimitedIncrementTask
                0x0000000000008aa0       0x2c
 .text.vLimitedIncrementTask
                0x0000000000008aa0       0x2c ./output/dynamic.o

.text.vContinuousIncrementTask
                0x0000000000008acc       0x68
 .text.vContinuousIncrementTask
                0x0000000000008acc       0x68 ./output/dynamic.o

.text.vCounterControlTask
                0x0000000000008b34      0x130
 .text.vCounterControlTask
                0x0000000000008b34      0x130 ./output/dynamic.o

.text.vQueueSendWhenSuspendedTask
                0x0000000000008c64       0x48
 .text.vQueueSendWhenSuspendedTask
                0x0000000000008c64       0x48 ./output/dynamic.o

.text.vQueueReceiveWhenSuspendedTask
                0x0000000000008cac       0x6c
 .text.vQueueReceiveWhenSuspendedTask
                0x0000000000008cac       0x6c ./output/dynamic.o

.text.xAreDynamicPriorityTasksStillRunning
                0x0000000000008d18       0x7c
 .text.xAreDynamicPriorityTasksStillRunning
                0x0000000000008d18       0x7c ./output/dynamic.o
                0x0000000000008d18                xAreDynamicPriorityTasksStillRunning

.text.vStartEventGroupTasks
                0x0000000000008d94       0xb0
 .text.vStartEventGroupTasks
                0x0000000000008d94       0xb0 ./output/EventGroupsDemo.o
                0x0000000000008d94                vStartEventGroupTasks

.text.prvTestMasterTask
                0x0000000000008e44       0xd4
 .text.prvTestMasterTask
                0x0000000000008e44       0xd4 ./output/EventGroupsDemo.o

.text.prvSyncTask
                0x0000000000008f18       0xbc
 .text.prvSyncTask
                0x0000000000008f18       0xbc ./output/EventGroupsDemo.o

.text.prvTestSlaveTask
                0x0000000000008fd4      0x16c
 .text.prvTestSlaveTask
                0x0000000000008fd4      0x16c ./output/EventGroupsDemo.o

.text.prvPerformTaskSyncTests
                0x0000000000009140      0x284
 .text.prvPerformTaskSyncTests
                0x0000000000009140      0x284 ./output/EventGroupsDemo.o

.text.prvBitCombinationTestMasterFunction
                0x00000000000093c4      0x168
 .text.prvBitCombinationTestMasterFunction
                0x00000000000093c4      0x168 ./output/EventGroupsDemo.o

.text.prvSelectiveBitsTestSlaveFunction
                0x000000000000952c       0x54
 .text.prvSelectiveBitsTestSlaveFunction
                0x000000000000952c       0x54 ./output/EventGroupsDemo.o

.text.prvSelectiveBitsTestMasterFunction
                0x0000000000009580      0x128
 .text.prvSelectiveBitsTestMasterFunction
                0x0000000000009580      0x128 ./output/EventGroupsDemo.o

.text.vPeriodicEventGroupsProcessing
                0x00000000000096a8      0x100
 .text.vPeriodicEventGroupsProcessing
                0x00000000000096a8      0x100 ./output/EventGroupsDemo.o
                0x00000000000096a8                vPeriodicEventGroupsProcessing

.text.xAreEventGroupTasksStillRunning
                0x00000000000097a8       0x78
 .text.xAreEventGroupTasksStillRunning
                0x00000000000097a8       0x78 ./output/EventGroupsDemo.o
                0x00000000000097a8                xAreEventGroupTasksStillRunning

.text.vStartGenericQueueTasks
                0x0000000000009820       0xdc
 .text.vStartGenericQueueTasks
                0x0000000000009820       0xdc ./output/GenQTest.o
                0x0000000000009820                vStartGenericQueueTasks

.text.prvSendFrontAndBackTest
                0x00000000000098fc      0x310
 .text.prvSendFrontAndBackTest
                0x00000000000098fc      0x310 ./output/GenQTest.o

.text.prvHighPriorityTimeout
                0x0000000000009c0c      0x24c
 .text.prvHighPriorityTimeout
                0x0000000000009c0c      0x24c ./output/GenQTest.o

.text.prvTakeTwoMutexesReturnInDifferentOrder
                0x0000000000009e58      0x148
 .text.prvTakeTwoMutexesReturnInDifferentOrder
                0x0000000000009e58      0x148 ./output/GenQTest.o

.text.prvTakeTwoMutexesReturnInSameOrder
                0x0000000000009fa0      0x124
 .text.prvTakeTwoMutexesReturnInSameOrder
                0x0000000000009fa0      0x124 ./output/GenQTest.o

.text.prvLowPriorityMutexTask
                0x000000000000a0c4       0x58
 .text.prvLowPriorityMutexTask
                0x000000000000a0c4       0x58 ./output/GenQTest.o

.text.prvMediumPriorityMutexTask
                0x000000000000a11c       0x20
 .text.prvMediumPriorityMutexTask
                0x000000000000a11c       0x20 ./output/GenQTest.o

.text.prvHighPriorityMutexTask
                0x000000000000a13c       0x5c
 .text.prvHighPriorityMutexTask
                0x000000000000a13c       0x5c ./output/GenQTest.o

.text.xAreGenericQueueTasksStillRunning
                0x000000000000a198       0x64
 .text.xAreGenericQueueTasksStillRunning
                0x000000000000a198       0x64 ./output/GenQTest.o
                0x000000000000a198                xAreGenericQueueTasksStillRunning

.text.vStartInterruptQueueTasks
                0x000000000000a1fc      0x108
 .text.vStartInterruptQueueTasks
                0x000000000000a1fc      0x108 ./output/IntQueue.o
                0x000000000000a1fc                vStartInterruptQueueTasks

.text.prvRecordValue_NormallyFull
                0x000000000000a304       0x3c
 .text.prvRecordValue_NormallyFull
                0x000000000000a304       0x3c ./output/IntQueue.o

.text.prvRecordValue_NormallyEmpty
                0x000000000000a340       0x3c
 .text.prvRecordValue_NormallyEmpty
                0x000000000000a340       0x3c ./output/IntQueue.o

.text.prvQueueAccessLogError
                0x000000000000a37c       0x28
 .text.prvQueueAccessLogError
                0x000000000000a37c       0x28 ./output/IntQueue.o

.text.prvHigherPriorityNormallyEmptyTask
                0x000000000000a3a4      0x178
 .text.prvHigherPriorityNormallyEmptyTask
                0x000000000000a3a4      0x178 ./output/IntQueue.o

.text.prvLowerPriorityNormallyEmptyTask
                0x000000000000a51c       0xb0
 .text.prvLowerPriorityNormallyEmptyTask
                0x000000000000a51c       0xb0 ./output/IntQueue.o

.text.prv1stHigherPriorityNormallyFullTask
                0x000000000000a5cc      0x150
 .text.prv1stHigherPriorityNormallyFullTask
                0x000000000000a5cc      0x150 ./output/IntQueue.o

.text.prv2ndHigherPriorityNormallyFullTask
                0x000000000000a71c       0xa8
 .text.prv2ndHigherPriorityNormallyFullTask
                0x000000000000a71c       0xa8 ./output/IntQueue.o

.text.prvLowerPriorityNormallyFullTask
                0x000000000000a7c4       0x9c
 .text.prvLowerPriorityNormallyFullTask
                0x000000000000a7c4       0x9c ./output/IntQueue.o

.text.xFirstTimerHandler
                0x000000000000a860      0x1b8
 .text.xFirstTimerHandler
                0x000000000000a860      0x1b8 ./output/IntQueue.o
                0x000000000000a860                xFirstTimerHandler

.text.xSecondTimerHandler
                0x000000000000aa18      0x290
 .text.xSecondTimerHandler
                0x000000000000aa18      0x290 ./output/IntQueue.o
                0x000000000000aa18                xSecondTimerHandler

.text.xAreIntQueueTasksStillRunning
                0x000000000000aca8       0xa0
 .text.xAreIntQueueTasksStillRunning
                0x000000000000aca8       0xa0 ./output/IntQueue.o
                0x000000000000aca8                xAreIntQueueTasksStillRunning

.text.__NVIC_EnableIRQ
                0x000000000000ad48       0x38
 .text.__NVIC_EnableIRQ
                0x000000000000ad48       0x38 ./output/IntQueueTimer.o

.text.__NVIC_SetPriority
                0x000000000000ad80       0x54
 .text.__NVIC_SetPriority
                0x000000000000ad80       0x54 ./output/IntQueueTimer.o

.text.TIMER0_Handler
                0x000000000000add4       0x48
 .text.TIMER0_Handler
                0x000000000000add4       0x48 ./output/IntQueueTimer.o
                0x000000000000add4                TIMER0_Handler

.text.TIMER1_Handler
                0x000000000000ae1c       0x48
 .text.TIMER1_Handler
                0x000000000000ae1c       0x48 ./output/IntQueueTimer.o
                0x000000000000ae1c                TIMER1_Handler

.text.vInitialiseTimerForIntQueueTest
                0x000000000000ae64       0x58
 .text.vInitialiseTimerForIntQueueTest
                0x000000000000ae64       0x58 ./output/IntQueueTimer.o
                0x000000000000ae64                vInitialiseTimerForIntQueueTest

.text.vStartInterruptSemaphoreTasks
                0x000000000000aebc       0xcc
 .text.vStartInterruptSemaphoreTasks
                0x000000000000aebc       0xcc ./output/IntSemTest.o
                0x000000000000aebc                vStartInterruptSemaphoreTasks

.text.vInterruptMutexMasterTask
                0x000000000000af88       0x38
 .text.vInterruptMutexMasterTask
                0x000000000000af88       0x38 ./output/IntSemTest.o

.text.prvTakeAndGiveInTheSameOrder
                0x000000000000afc0      0x168
 .text.prvTakeAndGiveInTheSameOrder
                0x000000000000afc0      0x168 ./output/IntSemTest.o

.text.prvTakeAndGiveInTheOppositeOrder
                0x000000000000b128      0x150
 .text.prvTakeAndGiveInTheOppositeOrder
                0x000000000000b128      0x150 ./output/IntSemTest.o

.text.vInterruptMutexSlaveTask
                0x000000000000b278       0x4c
 .text.vInterruptMutexSlaveTask
                0x000000000000b278       0x4c ./output/IntSemTest.o

.text.vInterruptCountingSemaphoreTask
                0x000000000000b2c4       0xec
 .text.vInterruptCountingSemaphoreTask
                0x000000000000b2c4       0xec ./output/IntSemTest.o

.text.vInterruptSemaphorePeriodicTest
                0x000000000000b3b0       0x9c
 .text.vInterruptSemaphorePeriodicTest
                0x000000000000b3b0       0x9c ./output/IntSemTest.o
                0x000000000000b3b0                vInterruptSemaphorePeriodicTest

.text.xAreInterruptSemaphoreTasksStillRunning
                0x000000000000b44c       0x68
 .text.xAreInterruptSemaphoreTasksStillRunning
                0x000000000000b44c       0x68 ./output/IntSemTest.o
                0x000000000000b44c                xAreInterruptSemaphoreTasksStillRunning

.text.vStartMessageBufferAMPTasks
                0x000000000000b4b4       0xb0
 .text.vStartMessageBufferAMPTasks
                0x000000000000b4b4       0xb0 ./output/MessageBufferAMP.o
                0x000000000000b4b4                vStartMessageBufferAMPTasks

.text.prvCoreATask
                0x000000000000b564       0x68
 .text.prvCoreATask
                0x000000000000b564       0x68 ./output/MessageBufferAMP.o

.text.prvCoreBTasks
                0x000000000000b5cc       0xb8
 .text.prvCoreBTasks
                0x000000000000b5cc       0xb8 ./output/MessageBufferAMP.o

.text.xAreMessageBufferAMPTasksStillRunning
                0x000000000000b684       0x60
 .text.xAreMessageBufferAMPTasksStillRunning
                0x000000000000b684       0x60 ./output/MessageBufferAMP.o
                0x000000000000b684                xAreMessageBufferAMPTasksStillRunning

.text.vStartMessageBufferTasks
                0x000000000000b6e4      0x148
 .text.vStartMessageBufferTasks
                0x000000000000b6e4      0x148 ./output/MessageBufferDemo.o
                0x000000000000b6e4                vStartMessageBufferTasks

.text.prvSingleTaskTests
                0x000000000000b82c     0x23f4
 .text.prvSingleTaskTests
                0x000000000000b82c      0x53c ./output/MessageBufferDemo.o
 .text.prvSingleTaskTests
                0x000000000000bd68      0xc10 ./output/StreamBufferDemo.o
 .text.prvSingleTaskTests
                0x000000000000c978      0x77c ./output/TaskNotify.o
 .text.prvSingleTaskTests
                0x000000000000d0f4      0xb2c ./output/TaskNotifyArray.o

.text.prvNonBlockingSenderTask
                0x000000000000dc20      0x11c
 .text.prvNonBlockingSenderTask
                0x000000000000dc20       0xa0 ./output/MessageBufferDemo.o
 .text.prvNonBlockingSenderTask
                0x000000000000dcc0       0x7c ./output/StreamBufferDemo.o

.text.prvNonBlockingReceiverTask
                0x000000000000dd3c      0x1cc
 .text.prvNonBlockingReceiverTask
                0x000000000000dd3c       0xf8 ./output/MessageBufferDemo.o
 .text.prvNonBlockingReceiverTask
                0x000000000000de34       0xd4 ./output/StreamBufferDemo.o

.text.prvSenderTask
                0x000000000000df08      0x2c8
 .text.prvSenderTask
                0x000000000000df08      0x164 ./output/MessageBufferDemo.o
 .text.prvSenderTask
                0x000000000000e06c      0x164 ./output/StreamBufferDemo.o

.text.prvReceiverTask
                0x000000000000e1d0      0x108
 .text.prvReceiverTask
                0x000000000000e1d0       0x84 ./output/MessageBufferDemo.o
 .text.prvReceiverTask
                0x000000000000e254       0x84 ./output/StreamBufferDemo.o

.text.prvEchoClient
                0x000000000000e2d8      0x33c
 .text.prvEchoClient
                0x000000000000e2d8       0xfc ./output/MessageBufferDemo.o
 .text.prvEchoClient
                0x000000000000e3d4      0x240 ./output/StreamBufferDemo.o

.text.prvEchoServer
                0x000000000000e614      0x288
 .text.prvEchoServer
                0x000000000000e614      0x14c ./output/MessageBufferDemo.o
 .text.prvEchoServer
                0x000000000000e760      0x13c ./output/StreamBufferDemo.o

.text.prvSpaceAvailableCoherenceActor
                0x000000000000e89c       0x8c
 .text.prvSpaceAvailableCoherenceActor
                0x000000000000e89c       0x8c ./output/MessageBufferDemo.o

.text.prvSpaceAvailableCoherenceTester
                0x000000000000e928       0x58
 .text.prvSpaceAvailableCoherenceTester
                0x000000000000e928       0x58 ./output/MessageBufferDemo.o

.text.xAreMessageBufferTasksStillRunning
                0x000000000000e980       0xe4
 .text.xAreMessageBufferTasksStillRunning
                0x000000000000e980       0xe4 ./output/MessageBufferDemo.o
                0x000000000000e980                xAreMessageBufferTasksStillRunning

.text.vStartPolledQueueTasks
                0x000000000000ea64       0x74
 .text.vStartPolledQueueTasks
                0x000000000000ea64       0x74 ./output/PollQ.o
                0x000000000000ea64                vStartPolledQueueTasks

.text.vPolledQueueProducer
                0x000000000000ead8       0x6c
 .text.vPolledQueueProducer
                0x000000000000ead8       0x6c ./output/PollQ.o

.text.vPolledQueueConsumer
                0x000000000000eb44       0x74
 .text.vPolledQueueConsumer
                0x000000000000eb44       0x74 ./output/PollQ.o

.text.xArePollingQueuesStillRunning
                0x000000000000ebb8       0x40
 .text.xArePollingQueuesStillRunning
                0x000000000000ebb8       0x40 ./output/PollQ.o
                0x000000000000ebb8                xArePollingQueuesStillRunning

.text.vStartQueuePeekTasks
                0x000000000000ebf8       0xa8
 .text.vStartQueuePeekTasks
                0x000000000000ebf8       0xa8 ./output/QPeek.o
                0x000000000000ebf8                vStartQueuePeekTasks

.text.prvHighestPriorityPeekTask
                0x000000000000eca0       0xf8
 .text.prvHighestPriorityPeekTask
                0x000000000000eca0       0xf8 ./output/QPeek.o

.text.prvHighPriorityPeekTask
                0x000000000000ed98       0x8c
 .text.prvHighPriorityPeekTask
                0x000000000000ed98       0x8c ./output/QPeek.o

.text.prvMediumPriorityPeekTask
                0x000000000000ee24       0x68
 .text.prvMediumPriorityPeekTask
                0x000000000000ee24       0x68 ./output/QPeek.o

.text.prvLowPriorityPeekTask
                0x000000000000ee8c      0x11c
 .text.prvLowPriorityPeekTask
                0x000000000000ee8c      0x11c ./output/QPeek.o

.text.xAreQueuePeekTasksStillRunning
                0x000000000000efa8       0x40
 .text.xAreQueuePeekTasksStillRunning
                0x000000000000efa8       0x40 ./output/QPeek.o
                0x000000000000efa8                xAreQueuePeekTasksStillRunning

.text.vStartQueueOverwriteTask
                0x000000000000efe8       0x44
 .text.vStartQueueOverwriteTask
                0x000000000000efe8       0x44 ./output/QueueOverwrite.o
                0x000000000000efe8                vStartQueueOverwriteTask

.text.prvQueueOverwriteTask
                0x000000000000f02c       0xdc
 .text.prvQueueOverwriteTask
                0x000000000000f02c       0xdc ./output/QueueOverwrite.o

.text.xIsQueueOverwriteTaskStillRunning
                0x000000000000f108       0x40
 .text.xIsQueueOverwriteTaskStillRunning
                0x000000000000f108       0x40 ./output/QueueOverwrite.o
                0x000000000000f108                xIsQueueOverwriteTaskStillRunning

.text.vQueueOverwritePeriodicISRDemo
                0x000000000000f148       0xcc
 .text.vQueueOverwritePeriodicISRDemo
                0x000000000000f148       0xcc ./output/QueueOverwrite.o
                0x000000000000f148                vQueueOverwritePeriodicISRDemo

.text.vStartQueueSetTasks
                0x000000000000f214       0x60
 .text.vStartQueueSetTasks
                0x000000000000f214       0x60 ./output/QueueSet.o
                0x000000000000f214                vStartQueueSetTasks

.text.xAreQueueSetTasksStillRunning
                0x000000000000f274       0xac
 .text.xAreQueueSetTasksStillRunning
                0x000000000000f274       0xac ./output/QueueSet.o
                0x000000000000f274                xAreQueueSetTasksStillRunning

.text.prvQueueSetSendingTask
                0x000000000000f320       0x90
 .text.prvQueueSetSendingTask
                0x000000000000f320       0x90 ./output/QueueSet.o

.text.prvChangeRelativePriorities
                0x000000000000f3b0       0x98
 .text.prvChangeRelativePriorities
                0x000000000000f3b0       0x98 ./output/QueueSet.o

.text.prvQueueSetReceivingTask
                0x000000000000f448      0x104
 .text.prvQueueSetReceivingTask
                0x000000000000f448       0x94 ./output/QueueSet.o
 .text.prvQueueSetReceivingTask
                0x000000000000f4dc       0x70 ./output/QueueSetPolling.o

.text.vQueueSetAccessQueueSetFromISR
                0x000000000000f54c       0x38
 .text.vQueueSetAccessQueueSetFromISR
                0x000000000000f54c       0x38 ./output/QueueSet.o
                0x000000000000f54c                vQueueSetAccessQueueSetFromISR

.text.prvCheckReceivedValue
                0x000000000000f584       0xdc
 .text.prvCheckReceivedValue
                0x000000000000f584       0xdc ./output/QueueSet.o

.text.prvCheckReceivedValueWithinExpectedRange
                0x000000000000f660       0x6c
 .text.prvCheckReceivedValueWithinExpectedRange
                0x000000000000f660       0x6c ./output/QueueSet.o

.text.prvReceiveFromQueueInSetFromISR
                0x000000000000f6cc       0x48
 .text.prvReceiveFromQueueInSetFromISR
                0x000000000000f6cc       0x48 ./output/QueueSet.o

.text.prvSendToQueueInSetFromISR
                0x000000000000f714       0x6c
 .text.prvSendToQueueInSetFromISR
                0x000000000000f714       0x6c ./output/QueueSet.o

.text.prvTestQueueOverwriteWithQueueSet
                0x000000000000f780      0x144
 .text.prvTestQueueOverwriteWithQueueSet
                0x000000000000f780      0x144 ./output/QueueSet.o

.text.prvTestQueueOverwriteOnTwoQueuesInQueueSet
                0x000000000000f8c4      0x288
 .text.prvTestQueueOverwriteOnTwoQueuesInQueueSet
                0x000000000000f8c4      0x288 ./output/QueueSet.o

.text.prvTestQueueOverwriteFromISROnTwoQueuesInQueueSet
                0x000000000000fb4c      0x288
 .text.prvTestQueueOverwriteFromISROnTwoQueuesInQueueSet
                0x000000000000fb4c      0x288 ./output/QueueSet.o

.text.prvSetupTest
                0x000000000000fdd4      0x184
 .text.prvSetupTest
                0x000000000000fdd4      0x184 ./output/QueueSet.o

.text.prvRand   0x000000000000ff58       0xe8
 .text.prvRand  0x000000000000ff58       0x34 ./output/QueueSet.o
 .text.prvRand  0x000000000000ff8c       0x3c ./output/StaticAllocation.o
 .text.prvRand  0x000000000000ffc8       0x3c ./output/TaskNotify.o
 .text.prvRand  0x0000000000010004       0x3c ./output/TaskNotifyArray.o

.text.prvSRand  0x0000000000010040       0x1c
 .text.prvSRand
                0x0000000000010040       0x1c ./output/QueueSet.o

.text.vStartQueueSetPollingTask
                0x000000000001005c       0x6c
 .text.vStartQueueSetPollingTask
                0x000000000001005c       0x6c ./output/QueueSetPolling.o
                0x000000000001005c                vStartQueueSetPollingTask

.text.vQueueSetPollingInterruptAccess
                0x00000000000100c8       0x4c
 .text.vQueueSetPollingInterruptAccess
                0x00000000000100c8       0x4c ./output/QueueSetPolling.o
                0x00000000000100c8                vQueueSetPollingInterruptAccess

.text.xAreQueueSetPollTasksStillRunning
                0x0000000000010114       0x38
 .text.xAreQueueSetPollTasksStillRunning
                0x0000000000010114       0x38 ./output/QueueSetPolling.o
                0x0000000000010114                xAreQueueSetPollTasksStillRunning

.text.vStartRecursiveMutexTasks
                0x000000000001014c       0x90
 .text.vStartRecursiveMutexTasks
                0x000000000001014c       0x90 ./output/recmutex.o
                0x000000000001014c                vStartRecursiveMutexTasks

.text.prvRecursiveMutexControllingTask
                0x00000000000101dc       0xc0
 .text.prvRecursiveMutexControllingTask
                0x00000000000101dc       0xc0 ./output/recmutex.o

.text.prvRecursiveMutexBlockingTask
                0x000000000001029c       0x94
 .text.prvRecursiveMutexBlockingTask
                0x000000000001029c       0x94 ./output/recmutex.o

.text.prvRecursiveMutexPollingTask
                0x0000000000010330      0x134
 .text.prvRecursiveMutexPollingTask
                0x0000000000010330      0x134 ./output/recmutex.o

.text.xAreRecursiveMutexTasksStillRunning
                0x0000000000010464       0x94
 .text.xAreRecursiveMutexTasksStillRunning
                0x0000000000010464       0x94 ./output/recmutex.o
                0x0000000000010464                xAreRecursiveMutexTasksStillRunning

.text.vStartSemaphoreTasks
                0x00000000000104f8      0x138
 .text.vStartSemaphoreTasks
                0x00000000000104f8      0x138 ./output/semtest.o
                0x00000000000104f8                vStartSemaphoreTasks

.text.prvSemaphoreTest
                0x0000000000010630      0x11c
 .text.prvSemaphoreTest
                0x0000000000010630      0x11c ./output/semtest.o

.text.xAreSemaphoreTasksStillRunning
                0x000000000001074c       0x5c
 .text.xAreSemaphoreTasksStillRunning
                0x000000000001074c       0x5c ./output/semtest.o
                0x000000000001074c                xAreSemaphoreTasksStillRunning

.text.vStartStaticallyAllocatedTasks
                0x00000000000107a8       0x34
 .text.vStartStaticallyAllocatedTasks
                0x00000000000107a8       0x34 ./output/StaticAllocation.o
                0x00000000000107a8                vStartStaticallyAllocatedTasks

.text.prvStaticallyAllocatedCreator
                0x00000000000107dc       0x70
 .text.prvStaticallyAllocatedCreator
                0x00000000000107dc       0x70 ./output/StaticAllocation.o

.text.prvCreateAndDeleteStaticallyAllocatedCountingSemaphores
                0x000000000001084c       0x6c
 .text.prvCreateAndDeleteStaticallyAllocatedCountingSemaphores
                0x000000000001084c       0x6c ./output/StaticAllocation.o

.text.prvCreateAndDeleteStaticallyAllocatedRecursiveMutexes
                0x00000000000108b8       0x60
 .text.prvCreateAndDeleteStaticallyAllocatedRecursiveMutexes
                0x00000000000108b8       0x60 ./output/StaticAllocation.o

.text.prvCreateAndDeleteStaticallyAllocatedQueues
                0x0000000000010918       0x74
 .text.prvCreateAndDeleteStaticallyAllocatedQueues
                0x0000000000010918       0x74 ./output/StaticAllocation.o

.text.prvCreateAndDeleteStaticallyAllocatedMutexes
                0x000000000001098c       0x94
 .text.prvCreateAndDeleteStaticallyAllocatedMutexes
                0x000000000001098c       0x94 ./output/StaticAllocation.o

.text.prvCreateAndDeleteStaticallyAllocatedBinarySemaphores
                0x0000000000010a20       0xb4
 .text.prvCreateAndDeleteStaticallyAllocatedBinarySemaphores
                0x0000000000010a20       0xb4 ./output/StaticAllocation.o

.text.prvTimerCallback
                0x0000000000010ad4       0x4c
 .text.prvTimerCallback
                0x0000000000010ad4       0x4c ./output/StaticAllocation.o

.text.prvCreateAndDeleteStaticallyAllocatedTimers
                0x0000000000010b20      0x13c
 .text.prvCreateAndDeleteStaticallyAllocatedTimers
                0x0000000000010b20      0x13c ./output/StaticAllocation.o

.text.prvCreateAndDeleteStaticallyAllocatedEventGroups
                0x0000000000010c5c       0x5c
 .text.prvCreateAndDeleteStaticallyAllocatedEventGroups
                0x0000000000010c5c       0x5c ./output/StaticAllocation.o

.text.prvCreateAndDeleteStaticallyAllocatedTasks
                0x0000000000010cb8       0xcc
 .text.prvCreateAndDeleteStaticallyAllocatedTasks
                0x0000000000010cb8       0xcc ./output/StaticAllocation.o

.text.prvStaticallyAllocatedTask
                0x0000000000010d84       0x16
 .text.prvStaticallyAllocatedTask
                0x0000000000010d84       0x16 ./output/StaticAllocation.o

.text.prvGetNextDelayTime
                0x0000000000010d9a       0x40
 .text.prvGetNextDelayTime
                0x0000000000010d9a       0x40 ./output/StaticAllocation.o

.text.prvSanityCheckCreatedEventGroup
                0x0000000000010ddc       0x98
 .text.prvSanityCheckCreatedEventGroup
                0x0000000000010ddc       0x98 ./output/StaticAllocation.o

.text.prvSanityCheckCreatedSemaphore
                0x0000000000010e74      0x124
 .text.prvSanityCheckCreatedSemaphore
                0x0000000000010e74      0x124 ./output/StaticAllocation.o

.text.prvSanityCheckCreatedQueue
                0x0000000000010f98      0x124
 .text.prvSanityCheckCreatedQueue
                0x0000000000010f98      0x124 ./output/StaticAllocation.o

.text.prvSanityCheckCreatedRecursiveMutex
                0x00000000000110bc       0x94
 .text.prvSanityCheckCreatedRecursiveMutex
                0x00000000000110bc       0x94 ./output/StaticAllocation.o

.text.xAreStaticAllocationTasksStillRunning
                0x0000000000011150       0x4c
 .text.xAreStaticAllocationTasksStillRunning
                0x0000000000011150       0x4c ./output/StaticAllocation.o
                0x0000000000011150                xAreStaticAllocationTasksStillRunning

.text.vStartStreamBufferTasks
                0x000000000001119c       0xdc
 .text.vStartStreamBufferTasks
                0x000000000001119c       0xdc ./output/StreamBufferDemo.o
                0x000000000001119c                vStartStreamBufferTasks

.text.prvCheckExpectedState
                0x0000000000011278       0x34
 .text.prvCheckExpectedState
                0x0000000000011278       0x34 ./output/StreamBufferDemo.o

.text.vPeriodicStreamBufferProcessing
                0x00000000000112ac       0x64
 .text.vPeriodicStreamBufferProcessing
                0x00000000000112ac       0x64 ./output/StreamBufferDemo.o
                0x00000000000112ac                vPeriodicStreamBufferProcessing

.text.prvInterruptTriggerLevelTest
                0x0000000000011310      0x178
 .text.prvInterruptTriggerLevelTest
                0x0000000000011310      0x178 ./output/StreamBufferDemo.o

.text.xAreStreamBufferTasksStillRunning
                0x0000000000011488       0xec
 .text.xAreStreamBufferTasksStillRunning
                0x0000000000011488       0xec ./output/StreamBufferDemo.o
                0x0000000000011488                xAreStreamBufferTasksStillRunning

.text.vStartStreamBufferInterruptDemo
                0x0000000000011574       0x44
 .text.vStartStreamBufferInterruptDemo
                0x0000000000011574       0x44 ./output/StreamBufferInterrupt.o
                0x0000000000011574                vStartStreamBufferInterruptDemo

.text.prvReceivingTask
                0x00000000000115b8       0xf0
 .text.prvReceivingTask
                0x00000000000115b8       0xf0 ./output/StreamBufferInterrupt.o

.text.vBasicStreamBufferSendFromISR
                0x00000000000116a8       0x7c
 .text.vBasicStreamBufferSendFromISR
                0x00000000000116a8       0x7c ./output/StreamBufferInterrupt.o
                0x00000000000116a8                vBasicStreamBufferSendFromISR

.text.xIsInterruptStreamBufferDemoStillRunning
                0x0000000000011724       0x38
 .text.xIsInterruptStreamBufferDemoStillRunning
                0x0000000000011724       0x38 ./output/StreamBufferInterrupt.o
                0x0000000000011724                xIsInterruptStreamBufferDemoStillRunning

.text.vStartTaskNotifyTask
                0x000000000001175c       0x3c
 .text.vStartTaskNotifyTask
                0x000000000001175c       0x3c ./output/TaskNotify.o
                0x000000000001175c                vStartTaskNotifyTask

.text.prvSuspendedTaskTimerTestCallback
                0x0000000000011798      0x160
 .text.prvSuspendedTaskTimerTestCallback
                0x0000000000011798       0xa0 ./output/TaskNotify.o
 .text.prvSuspendedTaskTimerTestCallback
                0x0000000000011838       0xc0 ./output/TaskNotifyArray.o

.text.prvNotifyingTimer
                0x00000000000118f8       0x3c
 .text.prvNotifyingTimer
                0x00000000000118f8       0x3c ./output/TaskNotify.o

.text.prvNotifiedTask
                0x0000000000011934      0x184
 .text.prvNotifiedTask
                0x0000000000011934      0x158 ./output/TaskNotify.o
 .text.prvNotifiedTask
                0x0000000000011a8c       0x2c ./output/TaskNotifyArray.o

.text.xNotifyTaskFromISR
                0x0000000000011ab8       0xf4
 .text.xNotifyTaskFromISR
                0x0000000000011ab8       0xf4 ./output/TaskNotify.o
                0x0000000000011ab8                xNotifyTaskFromISR

.text.xAreTaskNotificationTasksStillRunning
                0x0000000000011bac       0x6c
 .text.xAreTaskNotificationTasksStillRunning
                0x0000000000011bac       0x6c ./output/TaskNotify.o
                0x0000000000011bac                xAreTaskNotificationTasksStillRunning

.text.vStartTaskNotifyArrayTask
                0x0000000000011c18       0xac
 .text.vStartTaskNotifyArrayTask
                0x0000000000011c18       0xac ./output/TaskNotifyArray.o
                0x0000000000011c18                vStartTaskNotifyArrayTask

.text.prvNotifyingTimerCallback
                0x0000000000011cc4       0x48
 .text.prvNotifyingTimerCallback
                0x0000000000011cc4       0x48 ./output/TaskNotifyArray.o

.text.prvTestNotifyTaskWhileSuspended
                0x0000000000011d0c      0x1d4
 .text.prvTestNotifyTaskWhileSuspended
                0x0000000000011d0c      0x1d4 ./output/TaskNotifyArray.o

.text.prvBlockOnTheNotifiedIndexed
                0x0000000000011ee0      0x148
 .text.prvBlockOnTheNotifiedIndexed
                0x0000000000011ee0      0x148 ./output/TaskNotifyArray.o

.text.prvBlockOnANonNotifiedIndexed
                0x0000000000012028      0x16c
 .text.prvBlockOnANonNotifiedIndexed
                0x0000000000012028      0x16c ./output/TaskNotifyArray.o

.text.prvBlockOnNotificationsComingFromInterrupts
                0x0000000000012194      0x108
 .text.prvBlockOnNotificationsComingFromInterrupts
                0x0000000000012194      0x108 ./output/TaskNotifyArray.o

.text.xNotifyArrayTaskFromISR
                0x000000000001229c       0xec
 .text.xNotifyArrayTaskFromISR
                0x000000000001229c       0xec ./output/TaskNotifyArray.o
                0x000000000001229c                xNotifyArrayTaskFromISR

.text.xAreTaskNotificationArrayTasksStillRunning
                0x0000000000012388       0x84
 .text.xAreTaskNotificationArrayTasksStillRunning
                0x0000000000012388       0x84 ./output/TaskNotifyArray.o
                0x0000000000012388                xAreTaskNotificationArrayTasksStillRunning

.text.vStartTimerDemoTask
                0x000000000001240c       0x64
 .text.vStartTimerDemoTask
                0x000000000001240c       0x64 ./output/TimerDemo.o
                0x000000000001240c                vStartTimerDemoTask

.text.prvTimerTestTask
                0x0000000000012470       0xd0
 .text.prvTimerTestTask
                0x0000000000012470       0xd0 ./output/TimerDemo.o

.text.xAreTimerDemoTasksStillRunning
                0x0000000000012540       0x94
 .text.xAreTimerDemoTasksStillRunning
                0x0000000000012540       0x94 ./output/TimerDemo.o
                0x0000000000012540                xAreTimerDemoTasksStillRunning

.text.prvTest1_CreateTimersWithoutSchedulerRunning
                0x00000000000125d4      0x1d8
 .text.prvTest1_CreateTimersWithoutSchedulerRunning
                0x00000000000125d4      0x1d8 ./output/TimerDemo.o

.text.prvTest2_CheckTaskAndTimersInitialState
                0x00000000000127ac       0x80
 .text.prvTest2_CheckTaskAndTimersInitialState
                0x00000000000127ac       0x80 ./output/TimerDemo.o

.text.prvTest3_CheckAutoReloadExpireRates
                0x000000000001282c       0xc8
 .text.prvTest3_CheckAutoReloadExpireRates
                0x000000000001282c       0xc8 ./output/TimerDemo.o

.text.prvTest4_CheckAutoReloadTimersCanBeStopped
                0x00000000000128f4      0x130
 .text.prvTest4_CheckAutoReloadTimersCanBeStopped
                0x00000000000128f4      0x130 ./output/TimerDemo.o

.text.prvTest5_CheckBasicOneShotTimerBehaviour
                0x0000000000012a24      0x120
 .text.prvTest5_CheckBasicOneShotTimerBehaviour
                0x0000000000012a24      0x120 ./output/TimerDemo.o

.text.prvTest6_CheckAutoReloadResetBehaviour
                0x0000000000012b44      0x2a0
 .text.prvTest6_CheckAutoReloadResetBehaviour
                0x0000000000012b44      0x2a0 ./output/TimerDemo.o

.text.prvTest7_CheckBacklogBehaviour
                0x0000000000012de4      0x1d0
 .text.prvTest7_CheckBacklogBehaviour
                0x0000000000012de4      0x1d0 ./output/TimerDemo.o

.text.prvResetStartConditionsForNextIteration
                0x0000000000012fb4       0xb8
 .text.prvResetStartConditionsForNextIteration
                0x0000000000012fb4       0xb8 ./output/TimerDemo.o

.text.vTimerPeriodicISRTests
                0x000000000001306c      0x61c
 .text.vTimerPeriodicISRTests
                0x000000000001306c      0x61c ./output/TimerDemo.o
                0x000000000001306c                vTimerPeriodicISRTests

.text.prvAutoReloadTimerCallback
                0x0000000000013688       0x84
 .text.prvAutoReloadTimerCallback
                0x0000000000013688       0x84 ./output/TimerDemo.o

.text.prvOneShotTimerCallback
                0x000000000001370c       0x60
 .text.prvOneShotTimerCallback
                0x000000000001370c       0x60 ./output/TimerDemo.o

.text.prvISRAutoReloadTimerCallback
                0x000000000001376c       0x24
 .text.prvISRAutoReloadTimerCallback
                0x000000000001376c       0x24 ./output/TimerDemo.o

.text.prvISROneShotTimerCallback
                0x0000000000013790       0x24
 .text.prvISROneShotTimerCallback
                0x0000000000013790       0x24 ./output/TimerDemo.o

.text.main      0x00000000000137b4       0xe0
 .text.main     0x00000000000137b4       0xe0 ./output/main.o
                0x00000000000137b4                main

.text.prvCheckTask
                0x0000000000013894      0x258
 .text.prvCheckTask
                0x0000000000013894      0x258 ./output/main.o

.text.vTaskFunction1
                0x0000000000013aec       0x1c
 .text.vTaskFunction1
                0x0000000000013aec       0x1c ./output/main.o
                0x0000000000013aec                vTaskFunction1

.text.vTaskFunction2
                0x0000000000013b08       0x1c
 .text.vTaskFunction2
                0x0000000000013b08       0x1c ./output/main.o
                0x0000000000013b08                vTaskFunction2

.text.vFullDemoTickHookFunction
                0x0000000000013b24       0x30
 .text.vFullDemoTickHookFunction
                0x0000000000013b24       0x30 ./output/main.o
                0x0000000000013b24                vFullDemoTickHookFunction

.text.vApplicationMallocFailedHook
                0x0000000000013b54       0x28
 .text.vApplicationMallocFailedHook
                0x0000000000013b54       0x28 ./output/main.o
                0x0000000000013b54                vApplicationMallocFailedHook

.text.vApplicationStackOverflowHook
                0x0000000000013b7c       0x2c
 .text.vApplicationStackOverflowHook
                0x0000000000013b7c       0x2c ./output/main.o
                0x0000000000013b7c                vApplicationStackOverflowHook

.text.vApplicationTickHook
                0x0000000000013ba8        0xc
 .text.vApplicationTickHook
                0x0000000000013ba8        0xc ./output/main.o
                0x0000000000013ba8                vApplicationTickHook

.text.vAssertCalled
                0x0000000000013bb4       0x3c
 .text.vAssertCalled
                0x0000000000013bb4       0x3c ./output/main.o
                0x0000000000013bb4                vAssertCalled

.text.vApplicationGetIdleTaskMemory
                0x0000000000013bf0       0x30
 .text.vApplicationGetIdleTaskMemory
                0x0000000000013bf0       0x30 ./output/main.o
                0x0000000000013bf0                vApplicationGetIdleTaskMemory

.text.vApplicationGetTimerTaskMemory
                0x0000000000013c20       0x30
 .text.vApplicationGetTimerTaskMemory
                0x0000000000013c20       0x30 ./output/main.o
                0x0000000000013c20                vApplicationGetTimerTaskMemory

.text.prvUARTInit
                0x0000000000013c50       0x20
 .text.prvUARTInit
                0x0000000000013c50       0x20 ./output/main.o

.text.Reset_Handler
                0x0000000000013c70        0xc
 .text.Reset_Handler
                0x0000000000013c70        0xc ./output/startup_gcc.o
                0x0000000000013c70                Reset_Handler

.text.prvGetRegistersFromStack
                0x0000000000013c7c       0x84
 .text.prvGetRegistersFromStack
                0x0000000000013c7c       0x84 ./output/startup_gcc.o
                0x0000000000013c7c                prvGetRegistersFromStack

.text.Default_Handler
                0x0000000000013d00       0x18
 .text.Default_Handler
                0x0000000000013d00       0x18 ./output/startup_gcc.o

.text.HardFault_Handler
                0x0000000000013e00       0x1c
 .text.HardFault_Handler
                0x0000000000013e00       0x1c ./output/startup_gcc.o

.text.printchar
                0x0000000000013e1c       0x62
 .text.printchar
                0x0000000000013e1c       0x62 ./output/printf-stdarg.o

.text.prints    0x0000000000013e7e       0xb6
 .text.prints   0x0000000000013e7e       0xb6 ./output/printf-stdarg.o

.text.printi    0x0000000000013f34       0xe2
 .text.printi   0x0000000000013f34       0xe2 ./output/printf-stdarg.o

.text.tiny_print
                0x0000000000014018      0x1fc
 .text.tiny_print
                0x0000000000014018      0x1fc ./output/printf-stdarg.o

.text.printf    0x0000000000014214       0x2a
 .text.printf   0x0000000000014214       0x2a ./output/printf-stdarg.o
                0x0000000000014214                printf

.text.sprintf   0x000000000001423e       0x2c
 .text.sprintf  0x000000000001423e       0x2c ./output/printf-stdarg.o
                0x000000000001423e                sprintf

.text.__sflush_r
                0x000000000001426c      0x104
 .text.__sflush_r
                0x000000000001426c      0x104 /usr/share/gcc-arm-none-eabi-10.3-2021.10/bin/../lib/gcc/arm-none-eabi/10.3.1/../../../../arm-none-eabi/lib/thumb/v7-m/nofp/libg_nano.a(lib_a-fflush.o)
                0x000000000001426c                __sflush_r

.text._fflush_r
                0x0000000000014370       0x78
 .text._fflush_r
                0x0000000000014370       0x78 /usr/share/gcc-arm-none-eabi-10.3-2021.10/bin/../lib/gcc/arm-none-eabi/10.3.1/../../../../arm-none-eabi/lib/thumb/v7-m/nofp/libg_nano.a(lib_a-fflush.o)
                0x0000000000014370                _fflush_r

.text.fflush    0x00000000000143e8       0x24
 .text.fflush   0x00000000000143e8       0x24 /usr/share/gcc-arm-none-eabi-10.3-2021.10/bin/../lib/gcc/arm-none-eabi/10.3.1/../../../../arm-none-eabi/lib/thumb/v7-m/nofp/libg_nano.a(lib_a-fflush.o)
                0x00000000000143e8                fflush

.text.std       0x000000000001440c       0x48
 .text.std      0x000000000001440c       0x48 /usr/share/gcc-arm-none-eabi-10.3-2021.10/bin/../lib/gcc/arm-none-eabi/10.3.1/../../../../arm-none-eabi/lib/thumb/v7-m/nofp/libg_nano.a(lib_a-findfp.o)

.text._cleanup_r
                0x0000000000014454        0xc
 .text._cleanup_r
                0x0000000000014454        0xc /usr/share/gcc-arm-none-eabi-10.3-2021.10/bin/../lib/gcc/arm-none-eabi/10.3.1/../../../../arm-none-eabi/lib/thumb/v7-m/nofp/libg_nano.a(lib_a-findfp.o)
                0x0000000000014454                _cleanup_r

.text.__sfmoreglue
                0x0000000000014460       0x2c
 .text.__sfmoreglue
                0x0000000000014460       0x2c /usr/share/gcc-arm-none-eabi-10.3-2021.10/bin/../lib/gcc/arm-none-eabi/10.3.1/../../../../arm-none-eabi/lib/thumb/v7-m/nofp/libg_nano.a(lib_a-findfp.o)
                0x0000000000014460                __sfmoreglue

.text.__sfp_lock_acquire
                0x000000000001448c        0xc
 .text.__sfp_lock_acquire
                0x000000000001448c        0xc /usr/share/gcc-arm-none-eabi-10.3-2021.10/bin/../lib/gcc/arm-none-eabi/10.3.1/../../../../arm-none-eabi/lib/thumb/v7-m/nofp/libg_nano.a(lib_a-findfp.o)
                0x000000000001448c                __sfp_lock_acquire

.text.__sfp_lock_release
                0x0000000000014498        0xc
 .text.__sfp_lock_release
                0x0000000000014498        0xc /usr/share/gcc-arm-none-eabi-10.3-2021.10/bin/../lib/gcc/arm-none-eabi/10.3.1/../../../../arm-none-eabi/lib/thumb/v7-m/nofp/libg_nano.a(lib_a-findfp.o)
                0x0000000000014498                __sfp_lock_release

.text.__sinit_lock_acquire
                0x00000000000144a4        0xc
 .text.__sinit_lock_acquire
                0x00000000000144a4        0xc /usr/share/gcc-arm-none-eabi-10.3-2021.10/bin/../lib/gcc/arm-none-eabi/10.3.1/../../../../arm-none-eabi/lib/thumb/v7-m/nofp/libg_nano.a(lib_a-findfp.o)